START ls_small_1_v1
END ls_small_1_v1 exited 0 1.52
START ls_small_1_pypi
END ls_small_1_pypi exited 0 1.22
START ls_small_1_nifty_gpu
END ls_small_1_nifty_gpu exited 0 1.22
START ls_small_1_nifty_cpu_t1
END ls_small_1_nifty_cpu_t1 exited 0 0.97
START ls_small_1_nifty_cpu_t4
END ls_small_1_nifty_cpu_t4 exited 0 1.02
START ls_small_1_astropy
END ls_small_1_astropy exited 0 0.57
START ls_small_32_v1
END ls_small_32_v1 exited 0 1.42
START ls_small_32_pypi
END ls_small_32_pypi exited 0 1.72
START ls_small_32_nifty_gpu
END ls_small_32_nifty_gpu exited 0 2.57
START ls_small_32_nifty_cpu_t1
END ls_small_32_nifty_cpu_t1 exited 0 1.22
START ls_small_32_nifty_cpu_t4
END ls_small_32_nifty_cpu_t4 exited 0 1.37
START ls_small_32_nifty_cpu_w4
END ls_small_32_nifty_cpu_w4 exited 0 1.47
START ls_small_32_astropy
END ls_small_32_astropy exited 0 3.02
START ls_tess_1_v1
END ls_tess_1_v1 exited 0 1.37
START ls_tess_1_pypi
END ls_tess_1_pypi exited 0 1.42
START ls_tess_1_nifty_gpu
END ls_tess_1_nifty_gpu exited 0 1.37
START ls_tess_1_nifty_cpu_t1
END ls_tess_1_nifty_cpu_t1 exited 0 0.92
START ls_tess_1_nifty_cpu_t4
END ls_tess_1_nifty_cpu_t4 exited 0 1.02
START ls_tess_1_astropy
END ls_tess_1_astropy exited 0 1.17
START ls_tess_32_v1
END ls_tess_32_v1 exited 0 1.62
START ls_tess_32_pypi
END ls_tess_32_pypi exited 0 2.87
START ls_tess_32_nifty_gpu
END ls_tess_32_nifty_gpu exited 0 2.97
START ls_tess_32_nifty_cpu_t1
END ls_tess_32_nifty_cpu_t1 exited 0 2.52
START ls_tess_32_nifty_cpu_t4
END ls_tess_32_nifty_cpu_t4 exited 0 2.72
START ls_tess_32_nifty_cpu_w4
END ls_tess_32_nifty_cpu_w4 exited 0 4.03
START ls_tess_32_astropy
END ls_tess_32_astropy exited 0 20.41
START ls_ztf_1_v1
END ls_ztf_1_v1 exited 0 1.27
START ls_ztf_1_pypi
END ls_ztf_1_pypi exited 0 1.62
START ls_ztf_1_nifty_gpu
END ls_ztf_1_nifty_gpu exited 0 1.32
START ls_ztf_1_nifty_cpu_t1
END ls_ztf_1_nifty_cpu_t1 exited 0 1.27
START ls_ztf_1_nifty_cpu_t4
END ls_ztf_1_nifty_cpu_t4 exited 0 1.27
START ls_ztf_1_astropy
END ls_ztf_1_astropy exited 0 11.14
START ls_ztf_32_v1
END ls_ztf_32_v1 exited 0 1.97
START ls_ztf_32_pypi
END ls_ztf_32_pypi exited 0 4.08
START ls_ztf_32_nifty_gpu
END ls_ztf_32_nifty_gpu exited 0 4.78
START ls_ztf_32_nifty_cpu_t1
END ls_ztf_32_nifty_cpu_t1 exited 0 11.94
START ls_ztf_32_nifty_cpu_t4
END ls_ztf_32_nifty_cpu_t4 exited 0 11.54
START ls_ztf_32_nifty_cpu_w4
END ls_ztf_32_nifty_cpu_w4 exited 0 5.98
START ls_ztf_32_astropy
