Collecting numpy>=1.22
  Using cached numpy-2.4.6-cp311-cp311-manylinux_2_27_x86_64.manylinux_2_28_x86_64.whl.metadata (6.6 kB)
Collecting scipy>=1.8
  Using cached scipy-1.17.1-cp311-cp311-manylinux_2_27_x86_64.manylinux_2_28_x86_64.whl.metadata (62 kB)
Using cached numpy-2.4.6-cp311-cp311-manylinux_2_27_x86_64.manylinux_2_28_x86_64.whl (16.9 MB)
Using cached scipy-1.17.1-cp311-cp311-manylinux_2_27_x86_64.manylinux_2_28_x86_64.whl (35.3 MB)
Installing collected packages: numpy, scipy
Successfully installed numpy-2.4.6 scipy-1.17.1

[notice] A new release of pip is available: 24.0 -> 26.2.1
[notice] To update, run: python -m pip install --upgrade pip
Processing ./dist/cuvarbase-1.0.0-py3-none-any.whl
Installing collected packages: cuvarbase
Successfully installed cuvarbase-1.0.0

[notice] A new release of pip is available: 24.0 -> 26.2.1
[notice] To update, run: python -m pip install --upgrade pip
Processing ./dist/cuvarbase-1.0.0-py3-none-any.whl (from cuvarbase==1.0.0)
Collecting cufinufft
  Using cached cufinufft-2.5.1-py3-none-manylinux_2_17_x86_64.manylinux2014_x86_64.whl.metadata (2.0 kB)
Collecting numpy>=1.22 (from cuvarbase==1.0.0->cuvarbase==1.0.0)
  Using cached numpy-2.4.6-cp311-cp311-manylinux_2_27_x86_64.manylinux_2_28_x86_64.whl.metadata (6.6 kB)
Collecting scipy>=1.8 (from cuvarbase==1.0.0->cuvarbase==1.0.0)
  Using cached scipy-1.17.1-cp311-cp311-manylinux_2_27_x86_64.manylinux_2_28_x86_64.whl.metadata (62 kB)
Collecting pycuda!=2024.1.2,>=2017.1.1 (from cuvarbase==1.0.0->cuvarbase==1.0.0)
  Using cached pycuda-2026.1-cp311-cp311-linux_x86_64.whl
Collecting packaging (from cufinufft)
  Using cached packaging-26.3-py3-none-any.whl.metadata (3.5 kB)
Collecting pytest (from cuvarbase==1.0.0->cuvarbase==1.0.0)
  Using cached pytest-9.1.1-py3-none-any.whl.metadata (7.6 kB)
Collecting nfft (from cuvarbase==1.0.0->cuvarbase==1.0.0)
  Using cached nfft-0.1-py3-none-any.whl
Collecting astropy (from cuvarbase==1.0.0->cuvarbase==1.0.0)
  Using cached astropy-8.0.1-cp311-abi3-manylinux2014_x86_64.manylinux_2_17_x86_64.manylinux_2_28_x86_64.whl.metadata (11 kB)
Collecting batman-package (from cuvarbase==1.0.0->cuvarbase==1.0.0)
  Using cached batman_package-2.5.3-cp311-cp311-manylinux_2_17_x86_64.manylinux2014_x86_64.whl.metadata (728 bytes)
Collecting transitleastsquares (from cuvarbase==1.0.0->cuvarbase==1.0.0)
  Using cached transitleastsquares-1.32-py3-none-any.whl.metadata (5.3 kB)
Collecting pytools>=2011.2 (from pycuda!=2024.1.2,>=2017.1.1->cuvarbase==1.0.0->cuvarbase==1.0.0)
  Using cached pytools-2026.1.1-py3-none-any.whl.metadata (2.9 kB)
Collecting platformdirs>=2.2.0 (from pycuda!=2024.1.2,>=2017.1.1->cuvarbase==1.0.0->cuvarbase==1.0.0)
  Using cached platformdirs-4.11.7-py3-none-any.whl.metadata (5.5 kB)
Collecting mako (from pycuda!=2024.1.2,>=2017.1.1->cuvarbase==1.0.0->cuvarbase==1.0.0)
  Using cached mako-1.4.1-py3-none-any.whl.metadata (2.9 kB)
Collecting astropy-iers-data>=0.2026.6.22.1.23.34 (from astropy->cuvarbase==1.0.0->cuvarbase==1.0.0)
  Using cached astropy_iers_data-0.2026.8.31.0.57.9-py3-none-any.whl.metadata (3.4 kB)
Collecting pyerfa>=2.0.1.3 (from astropy->cuvarbase==1.0.0->cuvarbase==1.0.0)
  Using cached pyerfa-2.0.1.5-cp39-abi3-manylinux_2_17_x86_64.manylinux2014_x86_64.whl.metadata (5.7 kB)
Collecting PyYAML>=6.0.0 (from astropy->cuvarbase==1.0.0->cuvarbase==1.0.0)
  Using cached pyyaml-6.0.3-cp311-cp311-manylinux2014_x86_64.manylinux_2_17_x86_64.manylinux_2_28_x86_64.whl.metadata (2.4 kB)
Collecting iniconfig>=1.0.1 (from pytest->cuvarbase==1.0.0->cuvarbase==1.0.0)
  Using cached iniconfig-2.3.0-py3-none-any.whl.metadata (2.5 kB)
Collecting pluggy<2,>=1.5 (from pytest->cuvarbase==1.0.0->cuvarbase==1.0.0)
  Using cached pluggy-1.6.0-py3-none-any.whl.metadata (4.8 kB)
Collecting pygments>=2.7.2 (from pytest->cuvarbase==1.0.0->cuvarbase==1.0.0)
  Using cached pygments-2.21.0-py3-none-any.whl.metadata (2.5 kB)
Collecting astroquery>=0.3.9 (from transitleastsquares->cuvarbase==1.0.0->cuvarbase==1.0.0)
  Using cached astroquery-0.4.11-py3-none-any.whl.metadata (6.5 kB)
Collecting numba (from transitleastsquares->cuvarbase==1.0.0->cuvarbase==1.0.0)
  Using cached numba-0.67.0-cp311-cp311-manylinux2014_x86_64.manylinux_2_17_x86_64.whl.metadata (2.7 kB)
Collecting tqdm (from transitleastsquares->cuvarbase==1.0.0->cuvarbase==1.0.0)
  Using cached tqdm-4.70.0-py3-none-any.whl.metadata (57 kB)
Collecting configparser (from transitleastsquares->cuvarbase==1.0.0->cuvarbase==1.0.0)
  Using cached configparser-7.2.0-py3-none-any.whl.metadata (5.5 kB)
Collecting requests>=2.19 (from astroquery>=0.3.9->transitleastsquares->cuvarbase==1.0.0->cuvarbase==1.0.0)
  Using cached requests-2.34.2-py3-none-any.whl.metadata (4.8 kB)
Collecting beautifulsoup4>=4.8 (from astroquery>=0.3.9->transitleastsquares->cuvarbase==1.0.0->cuvarbase==1.0.0)
  Using cached beautifulsoup4-4.15.0-py3-none-any.whl.metadata (3.8 kB)
Collecting html5lib>=0.999 (from astroquery>=0.3.9->transitleastsquares->cuvarbase==1.0.0->cuvarbase==1.0.0)
  Using cached html5lib-1.1-py2.py3-none-any.whl.metadata (16 kB)
Collecting keyring>=15.0 (from astroquery>=0.3.9->transitleastsquares->cuvarbase==1.0.0->cuvarbase==1.0.0)
  Using cached keyring-25.7.0-py3-none-any.whl.metadata (21 kB)
Collecting pyvo>=1.5 (from astroquery>=0.3.9->transitleastsquares->cuvarbase==1.0.0->cuvarbase==1.0.0)
  Using cached pyvo-1.9.1-py3-none-any.whl.metadata (4.2 kB)
Collecting siphash24>=1.6 (from pytools>=2011.2->pycuda!=2024.1.2,>=2017.1.1->cuvarbase==1.0.0->cuvarbase==1.0.0)
  Using cached siphash24-1.8-cp311-cp311-manylinux2014_x86_64.manylinux_2_17_x86_64.manylinux_2_28_x86_64.whl.metadata (3.2 kB)
Collecting typing-extensions>=4.5 (from pytools>=2011.2->pycuda!=2024.1.2,>=2017.1.1->cuvarbase==1.0.0->cuvarbase==1.0.0)
  Using cached typing_extensions-4.16.0-py3-none-any.whl.metadata (3.3 kB)
Collecting MarkupSafe>=2.0 (from mako->pycuda!=2024.1.2,>=2017.1.1->cuvarbase==1.0.0->cuvarbase==1.0.0)
  Using cached markupsafe-3.0.3-cp311-cp311-manylinux2014_x86_64.manylinux_2_17_x86_64.manylinux_2_28_x86_64.whl.metadata (2.7 kB)
Collecting llvmlite<0.50,>=0.49.0dev0 (from numba->transitleastsquares->cuvarbase==1.0.0->cuvarbase==1.0.0)
  Using cached llvmlite-0.49.0-cp311-cp311-manylinux2014_x86_64.manylinux_2_17_x86_64.whl.metadata (5.0 kB)
Collecting soupsieve>=1.6.1 (from beautifulsoup4>=4.8->astroquery>=0.3.9->transitleastsquares->cuvarbase==1.0.0->cuvarbase==1.0.0)
  Using cached soupsieve-2.9.2-py3-none-any.whl.metadata (4.6 kB)
Collecting six>=1.9 (from html5lib>=0.999->astroquery>=0.3.9->transitleastsquares->cuvarbase==1.0.0->cuvarbase==1.0.0)
  Using cached six-1.17.0-py2.py3-none-any.whl.metadata (1.7 kB)
Collecting webencodings (from html5lib>=0.999->astroquery>=0.3.9->transitleastsquares->cuvarbase==1.0.0->cuvarbase==1.0.0)
  Using cached webencodings-0.6.1-py3-none-any.whl.metadata (3.4 kB)
Collecting SecretStorage>=3.2 (from keyring>=15.0->astroquery>=0.3.9->transitleastsquares->cuvarbase==1.0.0->cuvarbase==1.0.0)
  Using cached secretstorage-3.5.0-py3-none-any.whl.metadata (4.0 kB)
Collecting jeepney>=0.4.2 (from keyring>=15.0->astroquery>=0.3.9->transitleastsquares->cuvarbase==1.0.0->cuvarbase==1.0.0)
  Using cached jeepney-0.9.0-py3-none-any.whl.metadata (1.2 kB)
Collecting importlib_metadata>=4.11.4 (from keyring>=15.0->astroquery>=0.3.9->transitleastsquares->cuvarbase==1.0.0->cuvarbase==1.0.0)
  Using cached importlib_metadata-9.0.1-py3-none-any.whl.metadata (4.5 kB)
Collecting jaraco.classes (from keyring>=15.0->astroquery>=0.3.9->transitleastsquares->cuvarbase==1.0.0->cuvarbase==1.0.0)
  Using cached jaraco.classes-3.4.0-py3-none-any.whl.metadata (2.6 kB)
Collecting jaraco.functools (from keyring>=15.0->astroquery>=0.3.9->transitleastsquares->cuvarbase==1.0.0->cuvarbase==1.0.0)
  Using cached jaraco_functools-4.6.0-py3-none-any.whl.metadata (2.9 kB)
Collecting jaraco.context (from keyring>=15.0->astroquery>=0.3.9->transitleastsquares->cuvarbase==1.0.0->cuvarbase==1.0.0)
  Using cached jaraco_context-6.1.2-py3-none-any.whl.metadata (4.2 kB)
Collecting charset_normalizer<4,>=2 (from requests>=2.19->astroquery>=0.3.9->transitleastsquares->cuvarbase==1.0.0->cuvarbase==1.0.0)
  Using cached charset_normalizer-3.5.1-cp311-cp311-manylinux2014_x86_64.manylinux_2_17_x86_64.manylinux_2_28_x86_64.whl.metadata (45 kB)
Collecting idna<4,>=2.5 (from requests>=2.19->astroquery>=0.3.9->transitleastsquares->cuvarbase==1.0.0->cuvarbase==1.0.0)
  Using cached idna-3.19-py3-none-any.whl.metadata (9.2 kB)
Collecting urllib3<3,>=1.26 (from requests>=2.19->astroquery>=0.3.9->transitleastsquares->cuvarbase==1.0.0->cuvarbase==1.0.0)
  Using cached urllib3-2.7.0-py3-none-any.whl.metadata (6.9 kB)
Collecting certifi>=2023.5.7 (from requests>=2.19->astroquery>=0.3.9->transitleastsquares->cuvarbase==1.0.0->cuvarbase==1.0.0)
  Using cached certifi-2026.7.22-py3-none-any.whl.metadata (2.5 kB)
Collecting zipp>=3.20 (from importlib_metadata>=4.11.4->keyring>=15.0->astroquery>=0.3.9->transitleastsquares->cuvarbase==1.0.0->cuvarbase==1.0.0)
  Using cached zipp-4.1.0-py3-none-any.whl.metadata (3.6 kB)
Collecting cryptography>=2.0 (from SecretStorage>=3.2->keyring>=15.0->astroquery>=0.3.9->transitleastsquares->cuvarbase==1.0.0->cuvarbase==1.0.0)
  Using cached cryptography-50.0.1-cp311-abi3-manylinux_2_34_x86_64.whl.metadata (4.3 kB)
Collecting more-itertools (from jaraco.classes->keyring>=15.0->astroquery>=0.3.9->transitleastsquares->cuvarbase==1.0.0->cuvarbase==1.0.0)
  Using cached more_itertools-11.1.0-py3-none-any.whl.metadata (41 kB)
Collecting backports.tarfile (from jaraco.context->keyring>=15.0->astroquery>=0.3.9->transitleastsquares->cuvarbase==1.0.0->cuvarbase==1.0.0)
  Using cached backports.tarfile-1.2.0-py3-none-any.whl.metadata (2.0 kB)
Collecting cffi>=2.0.0 (from cryptography>=2.0->SecretStorage>=3.2->keyring>=15.0->astroquery>=0.3.9->transitleastsquares->cuvarbase==1.0.0->cuvarbase==1.0.0)
  Using cached cffi-2.1.1-cp311-cp311-manylinux2014_x86_64.manylinux_2_17_x86_64.whl.metadata (2.5 kB)
Collecting pycparser (from cffi>=2.0.0->cryptography>=2.0->SecretStorage>=3.2->keyring>=15.0->astroquery>=0.3.9->transitleastsquares->cuvarbase==1.0.0->cuvarbase==1.0.0)
  Using cached pycparser-3.0-py3-none-any.whl.metadata (8.2 kB)
Using cached cufinufft-2.5.1-py3-none-manylinux_2_17_x86_64.manylinux2014_x86_64.whl (114.5 MB)
Using cached numpy-2.4.6-cp311-cp311-manylinux_2_27_x86_64.manylinux_2_28_x86_64.whl (16.9 MB)
Using cached scipy-1.17.1-cp311-cp311-manylinux_2_27_x86_64.manylinux_2_28_x86_64.whl (35.3 MB)
Using cached astropy-8.0.1-cp311-abi3-manylinux2014_x86_64.manylinux_2_17_x86_64.manylinux_2_28_x86_64.whl (10.5 MB)
Using cached packaging-26.3-py3-none-any.whl (129 kB)
Using cached batman_package-2.5.3-cp311-cp311-manylinux_2_17_x86_64.manylinux2014_x86_64.whl (240 kB)
Using cached pytest-9.1.1-py3-none-any.whl (386 kB)
Using cached transitleastsquares-1.32-py3-none-any.whl (47 kB)
Using cached astropy_iers_data-0.2026.8.31.0.57.9-py3-none-any.whl (2.0 MB)
Using cached astroquery-0.4.11-py3-none-any.whl (11.1 MB)
Using cached iniconfig-2.3.0-py3-none-any.whl (7.5 kB)
Using cached platformdirs-4.11.7-py3-none-any.whl (23 kB)
Using cached pluggy-1.6.0-py3-none-any.whl (20 kB)
Using cached pyerfa-2.0.1.5-cp39-abi3-manylinux_2_17_x86_64.manylinux2014_x86_64.whl (738 kB)
Using cached pygments-2.21.0-py3-none-any.whl (1.3 MB)
Using cached pytools-2026.1.1-py3-none-any.whl (99 kB)
Using cached pyyaml-6.0.3-cp311-cp311-manylinux2014_x86_64.manylinux_2_17_x86_64.manylinux_2_28_x86_64.whl (806 kB)
Using cached configparser-7.2.0-py3-none-any.whl (17 kB)
Using cached mako-1.4.1-py3-none-any.whl (80 kB)
Using cached numba-0.67.0-cp311-cp311-manylinux2014_x86_64.manylinux_2_17_x86_64.whl (3.8 MB)
Using cached tqdm-4.70.0-py3-none-any.whl (80 kB)
Using cached beautifulsoup4-4.15.0-py3-none-any.whl (109 kB)
Using cached html5lib-1.1-py2.py3-none-any.whl (112 kB)
Using cached keyring-25.7.0-py3-none-any.whl (39 kB)
Using cached llvmlite-0.49.0-cp311-cp311-manylinux2014_x86_64.manylinux_2_17_x86_64.whl (59.9 MB)
Using cached markupsafe-3.0.3-cp311-cp311-manylinux2014_x86_64.manylinux_2_17_x86_64.manylinux_2_28_x86_64.whl (22 kB)
Using cached pyvo-1.9.1-py3-none-any.whl (1.2 MB)
Using cached requests-2.34.2-py3-none-any.whl (73 kB)
Using cached siphash24-1.8-cp311-cp311-manylinux2014_x86_64.manylinux_2_17_x86_64.manylinux_2_28_x86_64.whl (104 kB)
Using cached typing_extensions-4.16.0-py3-none-any.whl (45 kB)
Using cached certifi-2026.7.22-py3-none-any.whl (136 kB)
Using cached charset_normalizer-3.5.1-cp311-cp311-manylinux2014_x86_64.manylinux_2_17_x86_64.manylinux_2_28_x86_64.whl (262 kB)
Using cached idna-3.19-py3-none-any.whl (68 kB)
Using cached importlib_metadata-9.0.1-py3-none-any.whl (27 kB)
Using cached jeepney-0.9.0-py3-none-any.whl (49 kB)
Using cached secretstorage-3.5.0-py3-none-any.whl (15 kB)
Using cached six-1.17.0-py2.py3-none-any.whl (11 kB)
Using cached soupsieve-2.9.2-py3-none-any.whl (37 kB)
Using cached urllib3-2.7.0-py3-none-any.whl (131 kB)
Using cached jaraco.classes-3.4.0-py3-none-any.whl (6.8 kB)
Using cached jaraco_context-6.1.2-py3-none-any.whl (7.9 kB)
Using cached jaraco_functools-4.6.0-py3-none-any.whl (11 kB)
Using cached webencodings-0.6.1-py3-none-any.whl (8.7 kB)
Using cached cryptography-50.0.1-cp311-abi3-manylinux_2_34_x86_64.whl (4.7 MB)
Using cached zipp-4.1.0-py3-none-any.whl (10 kB)
Using cached backports.tarfile-1.2.0-py3-none-any.whl (30 kB)
Using cached more_itertools-11.1.0-py3-none-any.whl (72 kB)
Using cached cffi-2.1.1-cp311-cp311-manylinux2014_x86_64.manylinux_2_17_x86_64.whl (217 kB)
Using cached pycparser-3.0-py3-none-any.whl (48 kB)
Installing collected packages: zipp, webencodings, urllib3, typing-extensions, tqdm, soupsieve, six, siphash24, PyYAML, pygments, pycparser, pluggy, platformdirs, packaging, numpy, more-itertools, MarkupSafe, llvmlite, jeepney, iniconfig, idna, configparser, charset_normalizer, certifi, backports.tarfile, astropy-iers-data, scipy, requests, pytools, pytest, pyerfa, numba, mako, jaraco.functools, jaraco.context, jaraco.classes, importlib_metadata, html5lib, cufinufft, cffi, beautifulsoup4, batman-package, pycuda, nfft, cryptography, astropy, SecretStorage, pyvo, cuvarbase, keyring, astroquery, transitleastsquares
Successfully installed MarkupSafe-3.0.3 PyYAML-6.0.3 SecretStorage-3.5.0 astropy-8.0.1 astropy-iers-data-0.2026.8.31.0.57.9 astroquery-0.4.11 backports.tarfile-1.2.0 batman-package-2.5.3 beautifulsoup4-4.15.0 certifi-2026.7.22 cffi-2.1.1 charset_normalizer-3.5.1 configparser-7.2.0 cryptography-50.0.1 cufinufft-2.5.1 cuvarbase-1.0.0 html5lib-1.1 idna-3.19 importlib_metadata-9.0.1 iniconfig-2.3.0 jaraco.classes-3.4.0 jaraco.context-6.1.2 jaraco.functools-4.6.0 jeepney-0.9.0 keyring-25.7.0 llvmlite-0.49.0 mako-1.4.1 more-itertools-11.1.0 nfft-0.1 numba-0.67.0 numpy-2.4.6 packaging-26.3 platformdirs-4.11.7 pluggy-1.6.0 pycparser-3.0 pycuda-2026.1 pyerfa-2.0.1.5 pygments-2.21.0 pytest-9.1.1 pytools-2026.1.1 pyvo-1.9.1 requests-2.34.2 scipy-1.17.1 siphash24-1.8 six-1.17.0 soupsieve-2.9.2 tqdm-4.70.0 transitleastsquares-1.32 typing-extensions-4.16.0 urllib3-2.7.0 webencodings-0.6.1 zipp-4.1.0

[notice] A new release of pip is available: 24.0 -> 26.2.1
[notice] To update, run: python -m pip install --upgrade pip
astropy==8.0.1
astropy-iers-data==0.2026.8.31.0.57.9
astroquery==0.4.11
backports.tarfile==1.2.0
batman-package==2.5.3
beautifulsoup4==4.15.0
certifi==2026.7.22
cffi==2.1.1
charset-normalizer==3.5.1
configparser==7.2.0
cryptography==50.0.1
cufinufft==2.5.1
cuvarbase @ file:///workspace/cuvarbase/dist/cuvarbase-1.0.0-py3-none-any.whl#sha256=26fc148b70a5935e099226125f1c022cd37d05dba0e3490a89dc89e526650cc2
html5lib==1.1
idna==3.19
importlib_metadata==9.0.1
iniconfig==2.3.0
jaraco.classes==3.4.0
jaraco.context==6.1.2
jaraco.functools==4.6.0
jeepney==0.9.0
keyring==25.7.0
llvmlite==0.49.0
Mako==1.4.1
MarkupSafe==3.0.3
more-itertools==11.1.0
nfft==0.1
numba==0.67.0
numpy==2.4.6
packaging==26.3
platformdirs==4.11.7
pluggy==1.6.0
pycparser==3.0
pycuda==2026.1
pyerfa==2.0.1.5
Pygments==2.21.0
pytest==9.1.1
pytools==2026.1.1
pyvo==1.9.1
PyYAML==6.0.3
requests==2.34.2
scipy==1.17.1
SecretStorage==3.5.0
siphash24==1.8
six==1.17.0
soupsieve==2.9.2
tqdm==4.70.0
transitleastsquares==1.32
typing_extensions==4.16.0
urllib3==2.7.0
webencodings==0.6.1
zipp==4.1.0
Collecting numpy>=1.22
  Using cached numpy-2.4.6-cp311-cp311-manylinux_2_27_x86_64.manylinux_2_28_x86_64.whl.metadata (6.6 kB)
Collecting scipy>=1.8
  Using cached scipy-1.17.1-cp311-cp311-manylinux_2_27_x86_64.manylinux_2_28_x86_64.whl.metadata (62 kB)
Using cached numpy-2.4.6-cp311-cp311-manylinux_2_27_x86_64.manylinux_2_28_x86_64.whl (16.9 MB)
Using cached scipy-1.17.1-cp311-cp311-manylinux_2_27_x86_64.manylinux_2_28_x86_64.whl (35.3 MB)
Installing collected packages: numpy, scipy
Successfully installed numpy-2.4.6 scipy-1.17.1

[notice] A new release of pip is available: 24.0 -> 26.2.1
[notice] To update, run: python -m pip install --upgrade pip
Processing ./dist/cuvarbase-1.0.0.tar.gz
  Installing build dependencies: started
  Installing build dependencies: finished with status 'done'
  Getting requirements to build wheel: started
  Getting requirements to build wheel: finished with status 'done'
  Preparing metadata (pyproject.toml): started
  Preparing metadata (pyproject.toml): finished with status 'done'
Building wheels for collected packages: cuvarbase
  Building wheel for cuvarbase (pyproject.toml): started
  Building wheel for cuvarbase (pyproject.toml): finished with status 'done'
  Created wheel for cuvarbase: filename=cuvarbase-1.0.0-py3-none-any.whl size=454670 sha256=2c761ac4b38216c7d4ee06a9840af414bbd7cd84a1d4692d765ebfc5979de886
  Stored in directory: /root/.cache/pip/wheels/ca/86/19/318c6798dc8ca4e9bb765e649267100901428df5061d6f7b64
Successfully built cuvarbase
Installing collected packages: cuvarbase
Successfully installed cuvarbase-1.0.0

[notice] A new release of pip is available: 24.0 -> 26.2.1
[notice] To update, run: python -m pip install --upgrade pip
Processing ./dist/cuvarbase-1.0.0.tar.gz
  Installing build dependencies: started
  Installing build dependencies: finished with status 'done'
  Getting requirements to build wheel: started
  Getting requirements to build wheel: finished with status 'done'
  Preparing metadata (pyproject.toml): started
  Preparing metadata (pyproject.toml): finished with status 'done'
Collecting cufinufft
  Using cached cufinufft-2.5.1-py3-none-manylinux_2_17_x86_64.manylinux2014_x86_64.whl.metadata (2.0 kB)
Collecting numpy>=1.22 (from cuvarbase==1.0.0)
  Using cached numpy-2.4.6-cp311-cp311-manylinux_2_27_x86_64.manylinux_2_28_x86_64.whl.metadata (6.6 kB)
Collecting scipy>=1.8 (from cuvarbase==1.0.0)
  Using cached scipy-1.17.1-cp311-cp311-manylinux_2_27_x86_64.manylinux_2_28_x86_64.whl.metadata (62 kB)
Collecting pycuda!=2024.1.2,>=2017.1.1 (from cuvarbase==1.0.0)
  Using cached pycuda-2026.1-cp311-cp311-linux_x86_64.whl
Collecting packaging (from cufinufft)
  Using cached packaging-26.3-py3-none-any.whl.metadata (3.5 kB)
Collecting pytest (from cuvarbase==1.0.0)
  Using cached pytest-9.1.1-py3-none-any.whl.metadata (7.6 kB)
Collecting nfft (from cuvarbase==1.0.0)
  Using cached nfft-0.1-py3-none-any.whl
Collecting astropy (from cuvarbase==1.0.0)
  Using cached astropy-8.0.1-cp311-abi3-manylinux2014_x86_64.manylinux_2_17_x86_64.manylinux_2_28_x86_64.whl.metadata (11 kB)
Collecting batman-package (from cuvarbase==1.0.0)
  Using cached batman_package-2.5.3-cp311-cp311-manylinux_2_17_x86_64.manylinux2014_x86_64.whl.metadata (728 bytes)
Collecting transitleastsquares (from cuvarbase==1.0.0)
  Using cached transitleastsquares-1.32-py3-none-any.whl.metadata (5.3 kB)
Collecting pytools>=2011.2 (from pycuda!=2024.1.2,>=2017.1.1->cuvarbase==1.0.0)
  Using cached pytools-2026.1.1-py3-none-any.whl.metadata (2.9 kB)
Collecting platformdirs>=2.2.0 (from pycuda!=2024.1.2,>=2017.1.1->cuvarbase==1.0.0)
  Using cached platformdirs-4.11.7-py3-none-any.whl.metadata (5.5 kB)
Collecting mako (from pycuda!=2024.1.2,>=2017.1.1->cuvarbase==1.0.0)
  Using cached mako-1.4.1-py3-none-any.whl.metadata (2.9 kB)
Collecting astropy-iers-data>=0.2026.6.22.1.23.34 (from astropy->cuvarbase==1.0.0)
  Using cached astropy_iers_data-0.2026.8.31.0.57.9-py3-none-any.whl.metadata (3.4 kB)
Collecting pyerfa>=2.0.1.3 (from astropy->cuvarbase==1.0.0)
  Using cached pyerfa-2.0.1.5-cp39-abi3-manylinux_2_17_x86_64.manylinux2014_x86_64.whl.metadata (5.7 kB)
Collecting PyYAML>=6.0.0 (from astropy->cuvarbase==1.0.0)
  Using cached pyyaml-6.0.3-cp311-cp311-manylinux2014_x86_64.manylinux_2_17_x86_64.manylinux_2_28_x86_64.whl.metadata (2.4 kB)
Collecting iniconfig>=1.0.1 (from pytest->cuvarbase==1.0.0)
  Using cached iniconfig-2.3.0-py3-none-any.whl.metadata (2.5 kB)
Collecting pluggy<2,>=1.5 (from pytest->cuvarbase==1.0.0)
  Using cached pluggy-1.6.0-py3-none-any.whl.metadata (4.8 kB)
Collecting pygments>=2.7.2 (from pytest->cuvarbase==1.0.0)
  Using cached pygments-2.21.0-py3-none-any.whl.metadata (2.5 kB)
Collecting astroquery>=0.3.9 (from transitleastsquares->cuvarbase==1.0.0)
  Using cached astroquery-0.4.11-py3-none-any.whl.metadata (6.5 kB)
Collecting numba (from transitleastsquares->cuvarbase==1.0.0)
  Using cached numba-0.67.0-cp311-cp311-manylinux2014_x86_64.manylinux_2_17_x86_64.whl.metadata (2.7 kB)
Collecting tqdm (from transitleastsquares->cuvarbase==1.0.0)
  Using cached tqdm-4.70.0-py3-none-any.whl.metadata (57 kB)
Collecting configparser (from transitleastsquares->cuvarbase==1.0.0)
  Using cached configparser-7.2.0-py3-none-any.whl.metadata (5.5 kB)
Collecting requests>=2.19 (from astroquery>=0.3.9->transitleastsquares->cuvarbase==1.0.0)
  Using cached requests-2.34.2-py3-none-any.whl.metadata (4.8 kB)
Collecting beautifulsoup4>=4.8 (from astroquery>=0.3.9->transitleastsquares->cuvarbase==1.0.0)
  Using cached beautifulsoup4-4.15.0-py3-none-any.whl.metadata (3.8 kB)
Collecting html5lib>=0.999 (from astroquery>=0.3.9->transitleastsquares->cuvarbase==1.0.0)
  Using cached html5lib-1.1-py2.py3-none-any.whl.metadata (16 kB)
Collecting keyring>=15.0 (from astroquery>=0.3.9->transitleastsquares->cuvarbase==1.0.0)
  Using cached keyring-25.7.0-py3-none-any.whl.metadata (21 kB)
Collecting pyvo>=1.5 (from astroquery>=0.3.9->transitleastsquares->cuvarbase==1.0.0)
  Using cached pyvo-1.9.1-py3-none-any.whl.metadata (4.2 kB)
Collecting siphash24>=1.6 (from pytools>=2011.2->pycuda!=2024.1.2,>=2017.1.1->cuvarbase==1.0.0)
  Using cached siphash24-1.8-cp311-cp311-manylinux2014_x86_64.manylinux_2_17_x86_64.manylinux_2_28_x86_64.whl.metadata (3.2 kB)
Collecting typing-extensions>=4.5 (from pytools>=2011.2->pycuda!=2024.1.2,>=2017.1.1->cuvarbase==1.0.0)
  Using cached typing_extensions-4.16.0-py3-none-any.whl.metadata (3.3 kB)
Collecting MarkupSafe>=2.0 (from mako->pycuda!=2024.1.2,>=2017.1.1->cuvarbase==1.0.0)
  Using cached markupsafe-3.0.3-cp311-cp311-manylinux2014_x86_64.manylinux_2_17_x86_64.manylinux_2_28_x86_64.whl.metadata (2.7 kB)
Collecting llvmlite<0.50,>=0.49.0dev0 (from numba->transitleastsquares->cuvarbase==1.0.0)
  Using cached llvmlite-0.49.0-cp311-cp311-manylinux2014_x86_64.manylinux_2_17_x86_64.whl.metadata (5.0 kB)
Collecting soupsieve>=1.6.1 (from beautifulsoup4>=4.8->astroquery>=0.3.9->transitleastsquares->cuvarbase==1.0.0)
  Using cached soupsieve-2.9.2-py3-none-any.whl.metadata (4.6 kB)
Collecting six>=1.9 (from html5lib>=0.999->astroquery>=0.3.9->transitleastsquares->cuvarbase==1.0.0)
  Using cached six-1.17.0-py2.py3-none-any.whl.metadata (1.7 kB)
Collecting webencodings (from html5lib>=0.999->astroquery>=0.3.9->transitleastsquares->cuvarbase==1.0.0)
  Using cached webencodings-0.6.1-py3-none-any.whl.metadata (3.4 kB)
Collecting SecretStorage>=3.2 (from keyring>=15.0->astroquery>=0.3.9->transitleastsquares->cuvarbase==1.0.0)
  Using cached secretstorage-3.5.0-py3-none-any.whl.metadata (4.0 kB)
Collecting jeepney>=0.4.2 (from keyring>=15.0->astroquery>=0.3.9->transitleastsquares->cuvarbase==1.0.0)
  Using cached jeepney-0.9.0-py3-none-any.whl.metadata (1.2 kB)
Collecting importlib_metadata>=4.11.4 (from keyring>=15.0->astroquery>=0.3.9->transitleastsquares->cuvarbase==1.0.0)
  Using cached importlib_metadata-9.0.1-py3-none-any.whl.metadata (4.5 kB)
Collecting jaraco.classes (from keyring>=15.0->astroquery>=0.3.9->transitleastsquares->cuvarbase==1.0.0)
  Using cached jaraco.classes-3.4.0-py3-none-any.whl.metadata (2.6 kB)
Collecting jaraco.functools (from keyring>=15.0->astroquery>=0.3.9->transitleastsquares->cuvarbase==1.0.0)
  Using cached jaraco_functools-4.6.0-py3-none-any.whl.metadata (2.9 kB)
Collecting jaraco.context (from keyring>=15.0->astroquery>=0.3.9->transitleastsquares->cuvarbase==1.0.0)
  Using cached jaraco_context-6.1.2-py3-none-any.whl.metadata (4.2 kB)
Collecting charset_normalizer<4,>=2 (from requests>=2.19->astroquery>=0.3.9->transitleastsquares->cuvarbase==1.0.0)
  Using cached charset_normalizer-3.5.1-cp311-cp311-manylinux2014_x86_64.manylinux_2_17_x86_64.manylinux_2_28_x86_64.whl.metadata (45 kB)
Collecting idna<4,>=2.5 (from requests>=2.19->astroquery>=0.3.9->transitleastsquares->cuvarbase==1.0.0)
  Using cached idna-3.19-py3-none-any.whl.metadata (9.2 kB)
Collecting urllib3<3,>=1.26 (from requests>=2.19->astroquery>=0.3.9->transitleastsquares->cuvarbase==1.0.0)
  Using cached urllib3-2.7.0-py3-none-any.whl.metadata (6.9 kB)
Collecting certifi>=2023.5.7 (from requests>=2.19->astroquery>=0.3.9->transitleastsquares->cuvarbase==1.0.0)
  Using cached certifi-2026.7.22-py3-none-any.whl.metadata (2.5 kB)
Collecting zipp>=3.20 (from importlib_metadata>=4.11.4->keyring>=15.0->astroquery>=0.3.9->transitleastsquares->cuvarbase==1.0.0)
  Using cached zipp-4.1.0-py3-none-any.whl.metadata (3.6 kB)
Collecting cryptography>=2.0 (from SecretStorage>=3.2->keyring>=15.0->astroquery>=0.3.9->transitleastsquares->cuvarbase==1.0.0)
  Using cached cryptography-50.0.1-cp311-abi3-manylinux_2_34_x86_64.whl.metadata (4.3 kB)
Collecting more-itertools (from jaraco.classes->keyring>=15.0->astroquery>=0.3.9->transitleastsquares->cuvarbase==1.0.0)
  Using cached more_itertools-11.1.0-py3-none-any.whl.metadata (41 kB)
Collecting backports.tarfile (from jaraco.context->keyring>=15.0->astroquery>=0.3.9->transitleastsquares->cuvarbase==1.0.0)
  Using cached backports.tarfile-1.2.0-py3-none-any.whl.metadata (2.0 kB)
Collecting cffi>=2.0.0 (from cryptography>=2.0->SecretStorage>=3.2->keyring>=15.0->astroquery>=0.3.9->transitleastsquares->cuvarbase==1.0.0)
  Using cached cffi-2.1.1-cp311-cp311-manylinux2014_x86_64.manylinux_2_17_x86_64.whl.metadata (2.5 kB)
Collecting pycparser (from cffi>=2.0.0->cryptography>=2.0->SecretStorage>=3.2->keyring>=15.0->astroquery>=0.3.9->transitleastsquares->cuvarbase==1.0.0)
  Using cached pycparser-3.0-py3-none-any.whl.metadata (8.2 kB)
Using cached cufinufft-2.5.1-py3-none-manylinux_2_17_x86_64.manylinux2014_x86_64.whl (114.5 MB)
Using cached numpy-2.4.6-cp311-cp311-manylinux_2_27_x86_64.manylinux_2_28_x86_64.whl (16.9 MB)
Using cached scipy-1.17.1-cp311-cp311-manylinux_2_27_x86_64.manylinux_2_28_x86_64.whl (35.3 MB)
Using cached astropy-8.0.1-cp311-abi3-manylinux2014_x86_64.manylinux_2_17_x86_64.manylinux_2_28_x86_64.whl (10.5 MB)
Using cached packaging-26.3-py3-none-any.whl (129 kB)
Using cached batman_package-2.5.3-cp311-cp311-manylinux_2_17_x86_64.manylinux2014_x86_64.whl (240 kB)
Using cached pytest-9.1.1-py3-none-any.whl (386 kB)
Using cached transitleastsquares-1.32-py3-none-any.whl (47 kB)
Using cached astropy_iers_data-0.2026.8.31.0.57.9-py3-none-any.whl (2.0 MB)
Using cached astroquery-0.4.11-py3-none-any.whl (11.1 MB)
Using cached iniconfig-2.3.0-py3-none-any.whl (7.5 kB)
Using cached platformdirs-4.11.7-py3-none-any.whl (23 kB)
Using cached pluggy-1.6.0-py3-none-any.whl (20 kB)
Using cached pyerfa-2.0.1.5-cp39-abi3-manylinux_2_17_x86_64.manylinux2014_x86_64.whl (738 kB)
Using cached pygments-2.21.0-py3-none-any.whl (1.3 MB)
Using cached pytools-2026.1.1-py3-none-any.whl (99 kB)
Using cached pyyaml-6.0.3-cp311-cp311-manylinux2014_x86_64.manylinux_2_17_x86_64.manylinux_2_28_x86_64.whl (806 kB)
Using cached configparser-7.2.0-py3-none-any.whl (17 kB)
Using cached mako-1.4.1-py3-none-any.whl (80 kB)
Using cached numba-0.67.0-cp311-cp311-manylinux2014_x86_64.manylinux_2_17_x86_64.whl (3.8 MB)
Using cached tqdm-4.70.0-py3-none-any.whl (80 kB)
Using cached beautifulsoup4-4.15.0-py3-none-any.whl (109 kB)
Using cached html5lib-1.1-py2.py3-none-any.whl (112 kB)
Using cached keyring-25.7.0-py3-none-any.whl (39 kB)
Using cached llvmlite-0.49.0-cp311-cp311-manylinux2014_x86_64.manylinux_2_17_x86_64.whl (59.9 MB)
Using cached markupsafe-3.0.3-cp311-cp311-manylinux2014_x86_64.manylinux_2_17_x86_64.manylinux_2_28_x86_64.whl (22 kB)
Using cached pyvo-1.9.1-py3-none-any.whl (1.2 MB)
Using cached requests-2.34.2-py3-none-any.whl (73 kB)
Using cached siphash24-1.8-cp311-cp311-manylinux2014_x86_64.manylinux_2_17_x86_64.manylinux_2_28_x86_64.whl (104 kB)
Using cached typing_extensions-4.16.0-py3-none-any.whl (45 kB)
Using cached certifi-2026.7.22-py3-none-any.whl (136 kB)
Using cached charset_normalizer-3.5.1-cp311-cp311-manylinux2014_x86_64.manylinux_2_17_x86_64.manylinux_2_28_x86_64.whl (262 kB)
Using cached idna-3.19-py3-none-any.whl (68 kB)
Using cached importlib_metadata-9.0.1-py3-none-any.whl (27 kB)
Using cached jeepney-0.9.0-py3-none-any.whl (49 kB)
Using cached secretstorage-3.5.0-py3-none-any.whl (15 kB)
Using cached six-1.17.0-py2.py3-none-any.whl (11 kB)
Using cached soupsieve-2.9.2-py3-none-any.whl (37 kB)
Using cached urllib3-2.7.0-py3-none-any.whl (131 kB)
Using cached jaraco.classes-3.4.0-py3-none-any.whl (6.8 kB)
Using cached jaraco_context-6.1.2-py3-none-any.whl (7.9 kB)
Using cached jaraco_functools-4.6.0-py3-none-any.whl (11 kB)
Using cached webencodings-0.6.1-py3-none-any.whl (8.7 kB)
Using cached cryptography-50.0.1-cp311-abi3-manylinux_2_34_x86_64.whl (4.7 MB)
Using cached zipp-4.1.0-py3-none-any.whl (10 kB)
Using cached backports.tarfile-1.2.0-py3-none-any.whl (30 kB)
Using cached more_itertools-11.1.0-py3-none-any.whl (72 kB)
Using cached cffi-2.1.1-cp311-cp311-manylinux2014_x86_64.manylinux_2_17_x86_64.whl (217 kB)
Using cached pycparser-3.0-py3-none-any.whl (48 kB)
Building wheels for collected packages: cuvarbase
  Building wheel for cuvarbase (pyproject.toml): started
  Building wheel for cuvarbase (pyproject.toml): finished with status 'done'
  Created wheel for cuvarbase: filename=cuvarbase-1.0.0-py3-none-any.whl size=454670 sha256=443a888b8854039a06207eeeecf0c37483eb9165e93d6dd5a5df81c7e42685e7
  Stored in directory: /root/.cache/pip/wheels/ca/86/19/318c6798dc8ca4e9bb765e649267100901428df5061d6f7b64
Successfully built cuvarbase
Installing collected packages: zipp, webencodings, urllib3, typing-extensions, tqdm, soupsieve, six, siphash24, PyYAML, pygments, pycparser, pluggy, platformdirs, packaging, numpy, more-itertools, MarkupSafe, llvmlite, jeepney, iniconfig, idna, configparser, charset_normalizer, certifi, backports.tarfile, astropy-iers-data, scipy, requests, pytools, pytest, pyerfa, numba, mako, jaraco.functools, jaraco.context, jaraco.classes, importlib_metadata, html5lib, cufinufft, cffi, beautifulsoup4, batman-package, pycuda, nfft, cryptography, astropy, SecretStorage, pyvo, cuvarbase, keyring, astroquery, transitleastsquares
Successfully installed MarkupSafe-3.0.3 PyYAML-6.0.3 SecretStorage-3.5.0 astropy-8.0.1 astropy-iers-data-0.2026.8.31.0.57.9 astroquery-0.4.11 backports.tarfile-1.2.0 batman-package-2.5.3 beautifulsoup4-4.15.0 certifi-2026.7.22 cffi-2.1.1 charset_normalizer-3.5.1 configparser-7.2.0 cryptography-50.0.1 cufinufft-2.5.1 cuvarbase-1.0.0 html5lib-1.1 idna-3.19 importlib_metadata-9.0.1 iniconfig-2.3.0 jaraco.classes-3.4.0 jaraco.context-6.1.2 jaraco.functools-4.6.0 jeepney-0.9.0 keyring-25.7.0 llvmlite-0.49.0 mako-1.4.1 more-itertools-11.1.0 nfft-0.1 numba-0.67.0 numpy-2.4.6 packaging-26.3 platformdirs-4.11.7 pluggy-1.6.0 pycparser-3.0 pycuda-2026.1 pyerfa-2.0.1.5 pygments-2.21.0 pytest-9.1.1 pytools-2026.1.1 pyvo-1.9.1 requests-2.34.2 scipy-1.17.1 siphash24-1.8 six-1.17.0 soupsieve-2.9.2 tqdm-4.70.0 transitleastsquares-1.32 typing-extensions-4.16.0 urllib3-2.7.0 webencodings-0.6.1 zipp-4.1.0

[notice] A new release of pip is available: 24.0 -> 26.2.1
[notice] To update, run: python -m pip install --upgrade pip
astropy==8.0.1
astropy-iers-data==0.2026.8.31.0.57.9
astroquery==0.4.11
backports.tarfile==1.2.0
batman-package==2.5.3
beautifulsoup4==4.15.0
certifi==2026.7.22
cffi==2.1.1
charset-normalizer==3.5.1
configparser==7.2.0
cryptography==50.0.1
cufinufft==2.5.1
cuvarbase @ file:///workspace/cuvarbase/dist/cuvarbase-1.0.0.tar.gz#sha256=378bc54ebb44ed94290626c6dc02052719787c1ed6a5984f49b4dfed029e69bc
html5lib==1.1
idna==3.19
importlib_metadata==9.0.1
iniconfig==2.3.0
jaraco.classes==3.4.0
jaraco.context==6.1.2
jaraco.functools==4.6.0
jeepney==0.9.0
keyring==25.7.0
llvmlite==0.49.0
Mako==1.4.1
MarkupSafe==3.0.3
more-itertools==11.1.0
nfft==0.1
numba==0.67.0
numpy==2.4.6
packaging==26.3
platformdirs==4.11.7
pluggy==1.6.0
pycparser==3.0
pycuda==2026.1
pyerfa==2.0.1.5
Pygments==2.21.0
pytest==9.1.1
pytools==2026.1.1
pyvo==1.9.1
PyYAML==6.0.3
requests==2.34.2
scipy==1.17.1
SecretStorage==3.5.0
siphash24==1.8
six==1.17.0
soupsieve==2.9.2
tqdm==4.70.0
transitleastsquares==1.32
typing_extensions==4.16.0
urllib3==2.7.0
webencodings==0.6.1
zipp==4.1.0
