2026-09-06T21:36:31Z
START artifact_setup: bash /workspace/artifact_setup.sh
PASS artifact_setup
2026-09-06T21:37:48Z
START wheel_smoke: /tmp/cuvarbase-phase5/venvs/wheel-smoke/bin/python /workspace/cuvarbase/scripts/ci_wheel_smoke.py
PASS wheel_smoke
2026-09-06T21:37:49Z
START sdist_smoke: /tmp/cuvarbase-phase5/venvs/sdist-smoke/bin/python /workspace/cuvarbase/scripts/ci_wheel_smoke.py
PASS sdist_smoke
2026-09-06T21:37:50Z
START artifact_paths: python /workspace/verify_artifact_paths.py
PASS artifact_paths
2026-09-06T21:37:51Z
START wheel_pyargs: /tmp/cuvarbase-phase5/venvs/wheel-test/bin/python -m pytest --pyargs cuvarbase -p no:cacheprovider -v -rs
PASS wheel_pyargs
2026-09-06T21:48:49Z
START sdist_pyargs: /tmp/cuvarbase-phase5/venvs/sdist-test/bin/python -m pytest --pyargs cuvarbase -p no:cacheprovider -v -rs
PASS sdist_pyargs
2026-09-06T21:57:18Z
START wheel_run: /tmp/cuvarbase-phase5/venvs/wheel-test/bin/python /workspace/wheel_run.py
PASS wheel_run
2026-09-06T21:57:26Z
START source_clean: git status --porcelain
PASS source_clean
2026-09-06T21:57:27Z
START site_archive: bash -c rm -rf docs/build/html/.doctrees docs/build/html/.buildinfo; touch docs/build/html/.nojekyll; tar -C docs/build/html -czf /workspace/site-1032caf029570dc4841db1c594a2cbb1654e8fd8.tgz .; sha256sum dist/* /workspace/site-1032caf029570dc4841db1c594a2cbb1654e8fd8.tgz
PASS site_archive
ALL GATE COMMANDS PASSED
2026-09-06T21:57:29Z
