2026-09-06T21:09:15Z
START apt: bash -c apt-get update -qq && apt-get install -y -qq rsync
PASS apt
2026-09-06T21:09:22Z
START clone: git clone https://github.com/johnh2o2/cuvarbase.git /workspace/cuvarbase
PASS clone
2026-09-06T21:09:39Z
START checkout: git checkout --detach 1032caf029570dc4841db1c594a2cbb1654e8fd8
PASS checkout
2026-09-06T21:09:50Z
START install: pip install --break-system-packages -e .[test] cufinufft -r docs/requirements.txt build twine
PASS install
2026-09-06T21:12:19Z
START preflight: python -c import pycuda.driver as d, batman, transitleastsquares, nfft, astropy, cufinufft, cuvarbase; d.init(); print("GPU:",d.Device(0).name()); print(cuvarbase.__version__, cuvarbase.__file__); assert cuvarbase.__file__.startswith("/workspace/cuvarbase/")
PASS preflight
2026-09-06T21:12:25Z
START suite_full: python -m pytest -p no:cacheprovider -v -rs
PASS suite_full
2026-09-06T21:23:27Z
START release_gate: python scripts/check_release_gate.py
PASS release_gate
2026-09-06T21:23:38Z
START docs_build: env SPHINXOPTS=-E -a -W --keep-going make -C docs html SPHINXOPTS=-E -a -W --keep-going
PASS docs_build
2026-09-06T21:24:07Z
START docs_figures: python /workspace/verify_docs.py
PASS docs_figures
2026-09-06T21:24:08Z
START build: python -m build
PASS build
2026-09-06T21:24:22Z
START twine_check: python -m twine check --strict dist/cuvarbase-1.0.0-py3-none-any.whl dist/cuvarbase-1.0.0.tar.gz
PASS twine_check
2026-09-06T21:24:23Z
START pkg_info: python /workspace/check_pkg_info.py
PASS pkg_info
2026-09-06T21:24:23Z
START artifact_setup: bash /workspace/artifact_setup.sh
Terminated
FAIL artifact_setup (143)
   ━━━━━━━━━━━━━━━━━━━━━━━━━━━━━━━━━━━━━━━━ 217.8/217.8 kB 31.6 MB/s eta 0:00:00
Downloading pycparser-3.0-py3-none-any.whl (48 kB)
   ━━━━━━━━━━━━━━━━━━━━━━━━━━━━━━━━━━━━━━━━ 48.2/48.2 kB 9.2 MB/s eta 0:00:00
Installing collected packages: zipp, webencodings, urllib3, typing-extensions, tqdm, soupsieve, six, siphash24, PyYAML, pygments, pycparser, pluggy, platformdirs, packaging, numpy, more-itertools, MarkupSafe, llvmlite, jeepney, iniconfig, idna, configparser, charset_normalizer, certifi, backports.tarfile, astropy-iers-data, scipy, requests, pytools, pytest, pyerfa, numba, mako, jaraco.functools, jaraco.context, jaraco.classes, importlib_metadata, html5lib, cufinufft, cffi, beautifulsoup4, batman-package, pycuda, nfft, cryptography, astropy, SecretStorage, pyvo, cuvarbase, keyring, astroquery, transitleastsquares
Successfully installed MarkupSafe-3.0.3 PyYAML-6.0.3 SecretStorage-3.5.0 astropy-8.0.1 astropy-iers-data-0.2026.8.31.0.57.9 astroquery-0.4.11 backports.tarfile-1.2.0 batman-package-2.5.3 beautifulsoup4-4.15.0 certifi-2026.7.22 cffi-2.1.1 charset_normalizer-3.5.1 configparser-7.2.0 cryptography-50.0.1 cufinufft-2.5.1 cuvarbase-1.0.0 html5lib-1.1 idna-3.19 importlib_metadata-9.0.1 iniconfig-2.3.0 jaraco.classes-3.4.0 jaraco.context-6.1.2 jaraco.functools-4.6.0 jeepney-0.9.0 keyring-25.7.0 llvmlite-0.49.0 mako-1.4.1 more-itertools-11.1.0 nfft-0.1 numba-0.67.0 numpy-2.4.6 packaging-26.3 platformdirs-4.11.7 pluggy-1.6.0 pycparser-3.0 pycuda-2026.1 pyerfa-2.0.1.5 pygments-2.21.0 pytest-9.1.1 pytools-2026.1.1 pyvo-1.9.1 requests-2.34.2 scipy-1.17.1 siphash24-1.8 six-1.17.0 soupsieve-2.9.2 tqdm-4.70.0 transitleastsquares-1.32 typing-extensions-4.16.0 urllib3-2.7.0 webencodings-0.6.1 zipp-4.1.0

[notice] A new release of pip is available: 24.0 -> 26.2.1
[notice] To update, run: python -m pip install --upgrade pip
astropy==8.0.1
astropy-iers-data==0.2026.8.31.0.57.9
astroquery==0.4.11
backports.tarfile==1.2.0
batman-package==2.5.3
beautifulsoup4==4.15.0
certifi==2026.7.22
cffi==2.1.1
charset-normalizer==3.5.1
configparser==7.2.0
cryptography==50.0.1
cufinufft==2.5.1
cuvarbase @ file:///workspace/cuvarbase/dist/cuvarbase-1.0.0-py3-none-any.whl#sha256=26fc148b70a5935e099226125f1c022cd37d05dba0e3490a89dc89e526650cc2
html5lib==1.1
idna==3.19
importlib_metadata==9.0.1
iniconfig==2.3.0
jaraco.classes==3.4.0
jaraco.context==6.1.2
jaraco.functools==4.6.0
jeepney==0.9.0
keyring==25.7.0
llvmlite==0.49.0
Mako==1.4.1
MarkupSafe==3.0.3
more-itertools==11.1.0
nfft==0.1
numba==0.67.0
numpy==2.4.6
packaging==26.3
platformdirs==4.11.7
pluggy==1.6.0
pycparser==3.0
pycuda==2026.1
pyerfa==2.0.1.5
Pygments==2.21.0
pytest==9.1.1
pytools==2026.1.1
pyvo==1.9.1
PyYAML==6.0.3
requests==2.34.2
scipy==1.17.1
SecretStorage==3.5.0
siphash24==1.8
six==1.17.0
soupsieve==2.9.2
tqdm==4.70.0
transitleastsquares==1.32
typing_extensions==4.16.0
urllib3==2.7.0
webencodings==0.6.1
zipp==4.1.0
2026-09-06T21:36:04Z
