Obtaining file:///workspace/cuvarbase
  Installing build dependencies: started
  Installing build dependencies: finished with status 'done'
  Checking if build backend supports build_editable: started
  Checking if build backend supports build_editable: finished with status 'done'
  Getting requirements to build editable: started
  Getting requirements to build editable: finished with status 'done'
  Preparing editable metadata (pyproject.toml): started
  Preparing editable metadata (pyproject.toml): finished with status 'done'
Collecting cufinufft
  Downloading cufinufft-2.5.1-py3-none-manylinux_2_17_x86_64.manylinux2014_x86_64.whl.metadata (2.0 kB)
Collecting build
  Downloading build-1.6.0-py3-none-any.whl.metadata (5.6 kB)
Collecting twine
  Downloading twine-7.0.0-py3-none-any.whl.metadata (3.5 kB)
Collecting sphinx<9,>=7 (from -r docs/requirements.txt (line 7))
  Downloading sphinx-8.2.3-py3-none-any.whl.metadata (7.0 kB)
Collecting matplotlib>=3.7 (from -r docs/requirements.txt (line 8))
  Downloading matplotlib-3.11.1-cp311-cp311-manylinux2014_x86_64.manylinux_2_17_x86_64.whl.metadata (80 kB)
Requirement already satisfied: numpy>=1.22 in /usr/local/lib/python3.11/dist-packages (from -r docs/requirements.txt (line 9)) (1.26.3)
Collecting scipy>=1.8 (from -r docs/requirements.txt (line 10))
  Downloading scipy-1.17.1-cp311-cp311-manylinux_2_27_x86_64.manylinux_2_28_x86_64.whl.metadata (62 kB)
Requirement already satisfied: packaging in /usr/local/lib/python3.11/dist-packages (from cufinufft) (24.1)
Collecting pyproject_hooks (from build)
  Downloading pyproject_hooks-1.2.0-py3-none-any.whl.metadata (1.3 kB)
Collecting readme-renderer>=35.0 (from twine)
  Downloading readme_renderer-46.0-py3-none-any.whl.metadata (3.0 kB)
Requirement already satisfied: requests>=2.20 in /usr/local/lib/python3.11/dist-packages (from twine) (2.32.3)
Collecting requests-toolbelt!=0.9.0,>=0.8.0 (from twine)
  Downloading requests_toolbelt-1.0.0-py2.py3-none-any.whl.metadata (14 kB)
Requirement already satisfied: urllib3>=1.26.0 in /usr/local/lib/python3.11/dist-packages (from twine) (2.2.3)
Requirement already satisfied: keyring>=21.2.0 in /usr/lib/python3/dist-packages (from twine) (23.5.0)
Collecting rfc3986>=1.4.0 (from twine)
  Downloading rfc3986-2.0.0-py2.py3-none-any.whl.metadata (6.6 kB)
Collecting rich>=14.3.3 (from twine)
  Downloading rich-15.0.0-py3-none-any.whl.metadata (18 kB)
Collecting packaging (from cufinufft)
  Downloading packaging-26.3-py3-none-any.whl.metadata (3.5 kB)
Collecting id (from twine)
  Downloading id-1.6.1-py3-none-any.whl.metadata (5.1 kB)
Collecting pycuda!=2024.1.2,>=2017.1.1 (from cuvarbase==1.0.0)
  Downloading pycuda-2026.1.tar.gz (1.7 MB)
     ━━━━━━━━━━━━━━━━━━━━━━━━━━━━━━━━━━━━━━━━ 1.7/1.7 MB 200.9 MB/s eta 0:00:00
  Installing build dependencies: started
  Installing build dependencies: finished with status 'done'
  Getting requirements to build wheel: started
  Getting requirements to build wheel: finished with status 'done'
  Preparing metadata (pyproject.toml): started
  Preparing metadata (pyproject.toml): finished with status 'done'
Collecting sphinxcontrib-applehelp>=1.0.7 (from sphinx<9,>=7->-r docs/requirements.txt (line 7))
  Downloading sphinxcontrib_applehelp-2.0.0-py3-none-any.whl.metadata (2.3 kB)
Collecting sphinxcontrib-devhelp>=1.0.6 (from sphinx<9,>=7->-r docs/requirements.txt (line 7))
  Downloading sphinxcontrib_devhelp-2.0.0-py3-none-any.whl.metadata (2.3 kB)
Collecting sphinxcontrib-htmlhelp>=2.0.6 (from sphinx<9,>=7->-r docs/requirements.txt (line 7))
  Downloading sphinxcontrib_htmlhelp-2.1.0-py3-none-any.whl.metadata (2.3 kB)
Collecting sphinxcontrib-jsmath>=1.0.1 (from sphinx<9,>=7->-r docs/requirements.txt (line 7))
  Downloading sphinxcontrib_jsmath-1.0.1-py2.py3-none-any.whl.metadata (1.4 kB)
Collecting sphinxcontrib-qthelp>=1.0.6 (from sphinx<9,>=7->-r docs/requirements.txt (line 7))
  Downloading sphinxcontrib_qthelp-2.0.0-py3-none-any.whl.metadata (2.3 kB)
Collecting sphinxcontrib-serializinghtml>=1.1.9 (from sphinx<9,>=7->-r docs/requirements.txt (line 7))
  Downloading sphinxcontrib_serializinghtml-2.0.0-py3-none-any.whl.metadata (2.4 kB)
Requirement already satisfied: Jinja2>=3.1 in /usr/local/lib/python3.11/dist-packages (from sphinx<9,>=7->-r docs/requirements.txt (line 7)) (3.1.3)
Requirement already satisfied: Pygments>=2.17 in /usr/local/lib/python3.11/dist-packages (from sphinx<9,>=7->-r docs/requirements.txt (line 7)) (2.18.0)
Collecting docutils<0.22,>=0.20 (from sphinx<9,>=7->-r docs/requirements.txt (line 7))
  Downloading docutils-0.21.2-py3-none-any.whl.metadata (2.8 kB)
Collecting snowballstemmer>=2.2 (from sphinx<9,>=7->-r docs/requirements.txt (line 7))
  Downloading snowballstemmer-3.1.1-py3-none-any.whl.metadata (7.9 kB)
Requirement already satisfied: babel>=2.13 in /usr/local/lib/python3.11/dist-packages (from sphinx<9,>=7->-r docs/requirements.txt (line 7)) (2.16.0)
Collecting alabaster>=0.7.14 (from sphinx<9,>=7->-r docs/requirements.txt (line 7))
  Downloading alabaster-1.0.0-py3-none-any.whl.metadata (2.8 kB)
Collecting imagesize>=1.3 (from sphinx<9,>=7->-r docs/requirements.txt (line 7))
  Downloading imagesize-2.0.1-py3-none-any.whl.metadata (7.0 kB)
Collecting roman-numerals-py>=1.0.0 (from sphinx<9,>=7->-r docs/requirements.txt (line 7))
  Downloading roman_numerals_py-4.1.0-py3-none-any.whl.metadata (561 bytes)
Collecting contourpy>=1.0.1 (from matplotlib>=3.7->-r docs/requirements.txt (line 8))
  Downloading contourpy-1.3.3-cp311-cp311-manylinux_2_27_x86_64.manylinux_2_28_x86_64.whl.metadata (5.5 kB)
Collecting cycler>=0.10 (from matplotlib>=3.7->-r docs/requirements.txt (line 8))
  Downloading cycler-0.12.1-py3-none-any.whl.metadata (3.8 kB)
Collecting fonttools>=4.28.2 (from matplotlib>=3.7->-r docs/requirements.txt (line 8))
  Downloading fonttools-4.64.0-cp311-cp311-manylinux2014_x86_64.manylinux_2_17_x86_64.whl.metadata (123 kB)
Collecting kiwisolver>=1.3.1 (from matplotlib>=3.7->-r docs/requirements.txt (line 8))
  Downloading kiwisolver-1.5.1-cp311-cp311-manylinux2014_x86_64.manylinux_2_17_x86_64.whl.metadata (5.2 kB)
Requirement already satisfied: pillow>=9 in /usr/local/lib/python3.11/dist-packages (from matplotlib>=3.7->-r docs/requirements.txt (line 8)) (10.2.0)
Collecting pyparsing>=3 (from matplotlib>=3.7->-r docs/requirements.txt (line 8))
  Downloading pyparsing-3.3.2-py3-none-any.whl.metadata (5.8 kB)
Requirement already satisfied: python-dateutil>=2.7 in /usr/local/lib/python3.11/dist-packages (from matplotlib>=3.7->-r docs/requirements.txt (line 8)) (2.9.0.post0)
Collecting numpy>=1.22 (from -r docs/requirements.txt (line 9))
  Using cached numpy-2.4.6-cp311-cp311-manylinux_2_27_x86_64.manylinux_2_28_x86_64.whl.metadata (6.6 kB)
Collecting pytest (from cuvarbase==1.0.0)
  Downloading pytest-9.1.1-py3-none-any.whl.metadata (7.6 kB)
Collecting nfft (from cuvarbase==1.0.0)
  Downloading nfft-0.1.tar.gz (6.4 kB)
  Preparing metadata (setup.py): started
  Preparing metadata (setup.py): finished with status 'done'
Collecting astropy (from cuvarbase==1.0.0)
  Downloading astropy-8.0.1-cp311-abi3-manylinux2014_x86_64.manylinux_2_17_x86_64.manylinux_2_28_x86_64.whl.metadata (11 kB)
Collecting batman-package (from cuvarbase==1.0.0)
  Downloading batman_package-2.5.3-cp311-cp311-manylinux_2_17_x86_64.manylinux2014_x86_64.whl.metadata (728 bytes)
Collecting transitleastsquares (from cuvarbase==1.0.0)
  Downloading transitleastsquares-1.32-py3-none-any.whl.metadata (5.3 kB)
Requirement already satisfied: MarkupSafe>=2.0 in /usr/local/lib/python3.11/dist-packages (from Jinja2>=3.1->sphinx<9,>=7->-r docs/requirements.txt (line 7)) (2.1.5)
Collecting pytools>=2011.2 (from pycuda!=2024.1.2,>=2017.1.1->cuvarbase==1.0.0)
  Downloading pytools-2026.1.1-py3-none-any.whl.metadata (2.9 kB)
Requirement already satisfied: platformdirs>=2.2.0 in /usr/local/lib/python3.11/dist-packages (from pycuda!=2024.1.2,>=2017.1.1->cuvarbase==1.0.0) (4.3.6)
Collecting mako (from pycuda!=2024.1.2,>=2017.1.1->cuvarbase==1.0.0)
  Downloading mako-1.4.1-py3-none-any.whl.metadata (2.9 kB)
Requirement already satisfied: six>=1.5 in /usr/lib/python3/dist-packages (from python-dateutil>=2.7->matplotlib>=3.7->-r docs/requirements.txt (line 8)) (1.16.0)
Collecting nh3>=0.2.14 (from readme-renderer>=35.0->twine)
  Downloading nh3-0.3.7-cp38-abi3-manylinux_2_17_x86_64.manylinux2014_x86_64.whl.metadata (2.0 kB)
Requirement already satisfied: charset-normalizer<4,>=2 in /usr/local/lib/python3.11/dist-packages (from requests>=2.20->twine) (3.3.2)
Requirement already satisfied: idna<4,>=2.5 in /usr/local/lib/python3.11/dist-packages (from requests>=2.20->twine) (3.10)
Requirement already satisfied: certifi>=2017.4.17 in /usr/local/lib/python3.11/dist-packages (from requests>=2.20->twine) (2024.8.30)
Collecting markdown-it-py>=2.2.0 (from rich>=14.3.3->twine)
  Downloading markdown_it_py-4.2.0-py3-none-any.whl.metadata (7.4 kB)
Collecting roman-numerals==4.1.0 (from roman-numerals-py>=1.0.0->sphinx<9,>=7->-r docs/requirements.txt (line 7))
  Downloading roman_numerals-4.1.0-py3-none-any.whl.metadata (3.3 kB)
Collecting astropy-iers-data>=0.2026.6.22.1.23.34 (from astropy->cuvarbase==1.0.0)
  Downloading astropy_iers_data-0.2026.8.31.0.57.9-py3-none-any.whl.metadata (3.4 kB)
Collecting pyerfa>=2.0.1.3 (from astropy->cuvarbase==1.0.0)
  Downloading pyerfa-2.0.1.5-cp39-abi3-manylinux_2_17_x86_64.manylinux2014_x86_64.whl.metadata (5.7 kB)
Requirement already satisfied: PyYAML>=6.0.0 in /usr/local/lib/python3.11/dist-packages (from astropy->cuvarbase==1.0.0) (6.0.2)
Collecting iniconfig>=1.0.1 (from pytest->cuvarbase==1.0.0)
  Downloading iniconfig-2.3.0-py3-none-any.whl.metadata (2.5 kB)
Collecting pluggy<2,>=1.5 (from pytest->cuvarbase==1.0.0)
  Downloading pluggy-1.6.0-py3-none-any.whl.metadata (4.8 kB)
Collecting astroquery>=0.3.9 (from transitleastsquares->cuvarbase==1.0.0)
  Downloading astroquery-0.4.11-py3-none-any.whl.metadata (6.5 kB)
Collecting numba (from transitleastsquares->cuvarbase==1.0.0)
  Downloading numba-0.67.0-cp311-cp311-manylinux2014_x86_64.manylinux_2_17_x86_64.whl.metadata (2.7 kB)
Collecting tqdm (from transitleastsquares->cuvarbase==1.0.0)
  Downloading tqdm-4.70.0-py3-none-any.whl.metadata (57 kB)
Collecting configparser (from transitleastsquares->cuvarbase==1.0.0)
  Downloading configparser-7.2.0-py3-none-any.whl.metadata (5.5 kB)
Requirement already satisfied: beautifulsoup4>=4.8 in /usr/local/lib/python3.11/dist-packages (from astroquery>=0.3.9->transitleastsquares->cuvarbase==1.0.0) (4.12.3)
Collecting html5lib>=0.999 (from astroquery>=0.3.9->transitleastsquares->cuvarbase==1.0.0)
  Downloading html5lib-1.1-py2.py3-none-any.whl.metadata (16 kB)
Collecting pyvo>=1.5 (from astroquery>=0.3.9->transitleastsquares->cuvarbase==1.0.0)
  Downloading pyvo-1.9.1-py3-none-any.whl.metadata (4.2 kB)
Collecting mdurl~=0.1 (from markdown-it-py>=2.2.0->rich>=14.3.3->twine)
  Downloading mdurl-0.1.2-py3-none-any.whl.metadata (1.6 kB)
Collecting siphash24>=1.6 (from pytools>=2011.2->pycuda!=2024.1.2,>=2017.1.1->cuvarbase==1.0.0)
  Downloading siphash24-1.8-cp311-cp311-manylinux2014_x86_64.manylinux_2_17_x86_64.manylinux_2_28_x86_64.whl.metadata (3.2 kB)
Requirement already satisfied: typing-extensions>=4.5 in /usr/local/lib/python3.11/dist-packages (from pytools>=2011.2->pycuda!=2024.1.2,>=2017.1.1->cuvarbase==1.0.0) (4.9.0)
Collecting llvmlite<0.50,>=0.49.0dev0 (from numba->transitleastsquares->cuvarbase==1.0.0)
  Downloading llvmlite-0.49.0-cp311-cp311-manylinux2014_x86_64.manylinux_2_17_x86_64.whl.metadata (5.0 kB)
Requirement already satisfied: soupsieve>1.2 in /usr/local/lib/python3.11/dist-packages (from beautifulsoup4>=4.8->astroquery>=0.3.9->transitleastsquares->cuvarbase==1.0.0) (2.6)
Requirement already satisfied: webencodings in /usr/local/lib/python3.11/dist-packages (from html5lib>=0.999->astroquery>=0.3.9->transitleastsquares->cuvarbase==1.0.0) (0.5.1)
Downloading cufinufft-2.5.1-py3-none-manylinux_2_17_x86_64.manylinux2014_x86_64.whl (114.5 MB)
   ━━━━━━━━━━━━━━━━━━━━━━━━━━━━━━━━━━━━━━━━ 114.5/114.5 MB 29.3 MB/s eta 0:00:00
Downloading build-1.6.0-py3-none-any.whl (31 kB)
Downloading twine-7.0.0-py3-none-any.whl (43 kB)
Downloading sphinx-8.2.3-py3-none-any.whl (3.6 MB)
   ━━━━━━━━━━━━━━━━━━━━━━━━━━━━━━━━━━━━━━━━ 3.6/3.6 MB 57.5 MB/s eta 0:00:00
Downloading matplotlib-3.11.1-cp311-cp311-manylinux2014_x86_64.manylinux_2_17_x86_64.whl (10.0 MB)
   ━━━━━━━━━━━━━━━━━━━━━━━━━━━━━━━━━━━━━━━━ 10.0/10.0 MB 229.8 MB/s eta 0:00:00
Downloading scipy-1.17.1-cp311-cp311-manylinux_2_27_x86_64.manylinux_2_28_x86_64.whl (35.3 MB)
   ━━━━━━━━━━━━━━━━━━━━━━━━━━━━━━━━━━━━━━━━ 35.3/35.3 MB 231.7 MB/s eta 0:00:00
Using cached numpy-2.4.6-cp311-cp311-manylinux_2_27_x86_64.manylinux_2_28_x86_64.whl (16.9 MB)
Downloading alabaster-1.0.0-py3-none-any.whl (13 kB)
Downloading contourpy-1.3.3-cp311-cp311-manylinux_2_27_x86_64.manylinux_2_28_x86_64.whl (355 kB)
Downloading cycler-0.12.1-py3-none-any.whl (8.3 kB)
Downloading docutils-0.21.2-py3-none-any.whl (587 kB)
   ━━━━━━━━━━━━━━━━━━━━━━━━━━━━━━━━━━━━━━━ 587.4/587.4 kB 102.4 MB/s eta 0:00:00
Downloading fonttools-4.64.0-cp311-cp311-manylinux2014_x86_64.manylinux_2_17_x86_64.whl (5.5 MB)
   ━━━━━━━━━━━━━━━━━━━━━━━━━━━━━━━━━━━━━━━━ 5.5/5.5 MB 164.9 MB/s eta 0:00:00
Downloading imagesize-2.0.1-py3-none-any.whl (14 kB)
Downloading kiwisolver-1.5.1-cp311-cp311-manylinux2014_x86_64.manylinux_2_17_x86_64.whl (1.4 MB)
   ━━━━━━━━━━━━━━━━━━━━━━━━━━━━━━━━━━━━━━━━ 1.4/1.4 MB 180.6 MB/s eta 0:00:00
Using cached packaging-26.3-py3-none-any.whl (129 kB)
Downloading pyparsing-3.3.2-py3-none-any.whl (122 kB)
Downloading readme_renderer-46.0-py3-none-any.whl (14 kB)
Downloading requests_toolbelt-1.0.0-py2.py3-none-any.whl (54 kB)
Downloading rfc3986-2.0.0-py2.py3-none-any.whl (31 kB)
Downloading rich-15.0.0-py3-none-any.whl (310 kB)
Downloading roman_numerals_py-4.1.0-py3-none-any.whl (4.5 kB)
Downloading roman_numerals-4.1.0-py3-none-any.whl (7.7 kB)
Downloading snowballstemmer-3.1.1-py3-none-any.whl (104 kB)
Downloading sphinxcontrib_applehelp-2.0.0-py3-none-any.whl (119 kB)
Downloading sphinxcontrib_devhelp-2.0.0-py3-none-any.whl (82 kB)
Downloading sphinxcontrib_htmlhelp-2.1.0-py3-none-any.whl (98 kB)
Downloading sphinxcontrib_jsmath-1.0.1-py2.py3-none-any.whl (5.1 kB)
Downloading sphinxcontrib_qthelp-2.0.0-py3-none-any.whl (88 kB)
Downloading sphinxcontrib_serializinghtml-2.0.0-py3-none-any.whl (92 kB)
Downloading astropy-8.0.1-cp311-abi3-manylinux2014_x86_64.manylinux_2_17_x86_64.manylinux_2_28_x86_64.whl (10.5 MB)
   ━━━━━━━━━━━━━━━━━━━━━━━━━━━━━━━━━━━━━━━━ 10.5/10.5 MB 122.3 MB/s eta 0:00:00
Downloading batman_package-2.5.3-cp311-cp311-manylinux_2_17_x86_64.manylinux2014_x86_64.whl (240 kB)
Downloading id-1.6.1-py3-none-any.whl (14 kB)
Downloading pyproject_hooks-1.2.0-py3-none-any.whl (10 kB)
Downloading pytest-9.1.1-py3-none-any.whl (386 kB)
Downloading transitleastsquares-1.32-py3-none-any.whl (47 kB)
Downloading astropy_iers_data-0.2026.8.31.0.57.9-py3-none-any.whl (2.0 MB)
   ━━━━━━━━━━━━━━━━━━━━━━━━━━━━━━━━━━━━━━━━ 2.0/2.0 MB 174.3 MB/s eta 0:00:00
Downloading astroquery-0.4.11-py3-none-any.whl (11.1 MB)
   ━━━━━━━━━━━━━━━━━━━━━━━━━━━━━━━━━━━━━━━━ 11.1/11.1 MB 51.2 MB/s eta 0:00:00
Downloading iniconfig-2.3.0-py3-none-any.whl (7.5 kB)
Downloading markdown_it_py-4.2.0-py3-none-any.whl (91 kB)
Downloading nh3-0.3.7-cp38-abi3-manylinux_2_17_x86_64.manylinux2014_x86_64.whl (832 kB)
   ━━━━━━━━━━━━━━━━━━━━━━━━━━━━━━━━━━━━━━━━ 832.2/832.2 kB 96.3 MB/s eta 0:00:00
Downloading pluggy-1.6.0-py3-none-any.whl (20 kB)
Downloading pyerfa-2.0.1.5-cp39-abi3-manylinux_2_17_x86_64.manylinux2014_x86_64.whl (738 kB)
   ━━━━━━━━━━━━━━━━━━━━━━━━━━━━━━━━━━━━━━━━ 738.7/738.7 kB 90.1 MB/s eta 0:00:00
Downloading pytools-2026.1.1-py3-none-any.whl (99 kB)
Downloading configparser-7.2.0-py3-none-any.whl (17 kB)
Downloading mako-1.4.1-py3-none-any.whl (80 kB)
Downloading numba-0.67.0-cp311-cp311-manylinux2014_x86_64.manylinux_2_17_x86_64.whl (3.8 MB)
   ━━━━━━━━━━━━━━━━━━━━━━━━━━━━━━━━━━━━━━━━ 3.8/3.8 MB 249.4 MB/s eta 0:00:00
Downloading tqdm-4.70.0-py3-none-any.whl (80 kB)
Downloading html5lib-1.1-py2.py3-none-any.whl (112 kB)
Downloading llvmlite-0.49.0-cp311-cp311-manylinux2014_x86_64.manylinux_2_17_x86_64.whl (59.9 MB)
   ━━━━━━━━━━━━━━━━━━━━━━━━━━━━━━━━━━━━━━━━ 59.9/59.9 MB 179.5 MB/s eta 0:00:00
Downloading mdurl-0.1.2-py3-none-any.whl (10.0 kB)
Downloading pyvo-1.9.1-py3-none-any.whl (1.2 MB)
   ━━━━━━━━━━━━━━━━━━━━━━━━━━━━━━━━━━━━━━━━ 1.2/1.2 MB 46.9 MB/s eta 0:00:00
Downloading siphash24-1.8-cp311-cp311-manylinux2014_x86_64.manylinux_2_17_x86_64.manylinux_2_28_x86_64.whl (104 kB)
Building wheels for collected packages: cuvarbase, pycuda, nfft
  Building editable for cuvarbase (pyproject.toml): started
  Building editable for cuvarbase (pyproject.toml): finished with status 'done'
  Created wheel for cuvarbase: filename=cuvarbase-1.0.0-0.editable-py3-none-any.whl size=20828 sha256=5c93e80d7e4f20ac1d7975a68367a75d09de9ea183b886948e6bec32c29bcfe1
  Stored in directory: /tmp/pip-ephem-wheel-cache-z09i10y4/wheels/84/12/65/3256ec8f5aa934e1e676cb71a8096d07ecea3a8cb4af4a3f6b
  Building wheel for pycuda (pyproject.toml): started
  Building wheel for pycuda (pyproject.toml): still running...
  Building wheel for pycuda (pyproject.toml): finished with status 'done'
  Created wheel for pycuda: filename=pycuda-2026.1-cp311-cp311-linux_x86_64.whl size=5232141 sha256=82a14c1f02e1f63b791d73091c7468bfea9bc3fad0f224cfc6aadea6e1b5dfed
  Stored in directory: /root/.cache/pip/wheels/3a/d7/c6/ca2c503e8138f68f2b4f60bd94ca9588e89388e6884b677084
  Building wheel for nfft (setup.py): started
  Building wheel for nfft (setup.py): finished with status 'done'
  Created wheel for nfft: filename=nfft-0.1-py3-none-any.whl size=9087 sha256=2563fa1439ecd5194b417312958616efe3512cbcee35baa8e541ae769cbee5ae
  Stored in directory: /root/.cache/pip/wheels/94/98/95/f20e167e0325b82f5c4fe3db74ae2bb1dd8598a98b56f0be43
Successfully built cuvarbase pycuda nfft
Installing collected packages: tqdm, sphinxcontrib-serializinghtml, sphinxcontrib-qthelp, sphinxcontrib-jsmath, sphinxcontrib-htmlhelp, sphinxcontrib-devhelp, sphinxcontrib-applehelp, snowballstemmer, siphash24, roman-numerals, rfc3986, pyproject_hooks, pyparsing, pluggy, packaging, numpy, nh3, mdurl, mako, llvmlite, kiwisolver, iniconfig, imagesize, id, html5lib, fonttools, docutils, cycler, configparser, astropy-iers-data, alabaster, scipy, roman-numerals-py, requests-toolbelt, readme-renderer, pytools, pytest, pyerfa, numba, markdown-it-py, cufinufft, contourpy, build, batman-package, sphinx, rich, pycuda, nfft, matplotlib, astropy, twine, pyvo, cuvarbase, astroquery, transitleastsquares
  Attempting uninstall: pyparsing
    Found existing installation: pyparsing 2.4.7
    Uninstalling pyparsing-2.4.7:
      Successfully uninstalled pyparsing-2.4.7
  Attempting uninstall: packaging
    Found existing installation: packaging 24.1
    Uninstalling packaging-24.1:
      Successfully uninstalled packaging-24.1
  Attempting uninstall: numpy
    Found existing installation: numpy 1.26.3
    Uninstalling numpy-1.26.3:
      Successfully uninstalled numpy-1.26.3
Successfully installed alabaster-1.0.0 astropy-8.0.1 astropy-iers-data-0.2026.8.31.0.57.9 astroquery-0.4.11 batman-package-2.5.3 build-1.6.0 configparser-7.2.0 contourpy-1.3.3 cufinufft-2.5.1 cuvarbase-1.0.0 cycler-0.12.1 docutils-0.21.2 fonttools-4.64.0 html5lib-1.1 id-1.6.1 imagesize-2.0.1 iniconfig-2.3.0 kiwisolver-1.5.1 llvmlite-0.49.0 mako-1.4.1 markdown-it-py-4.2.0 matplotlib-3.11.1 mdurl-0.1.2 nfft-0.1 nh3-0.3.7 numba-0.67.0 numpy-2.4.6 packaging-26.3 pluggy-1.6.0 pycuda-2026.1 pyerfa-2.0.1.5 pyparsing-3.3.2 pyproject_hooks-1.2.0 pytest-9.1.1 pytools-2026.1.1 pyvo-1.9.1 readme-renderer-46.0 requests-toolbelt-1.0.0 rfc3986-2.0.0 rich-15.0.0 roman-numerals-4.1.0 roman-numerals-py-4.1.0 scipy-1.17.1 siphash24-1.8 snowballstemmer-3.1.1 sphinx-8.2.3 sphinxcontrib-applehelp-2.0.0 sphinxcontrib-devhelp-2.0.0 sphinxcontrib-htmlhelp-2.1.0 sphinxcontrib-jsmath-1.0.1 sphinxcontrib-qthelp-2.0.0 sphinxcontrib-serializinghtml-2.0.0 tqdm-4.70.0 transitleastsquares-1.32 twine-7.0.0
WARNING: Running pip as the 'root' user can result in broken permissions and conflicting behaviour with the system package manager, possibly rendering your system unusable.It is recommended to use a virtual environment instead: https://pip.pypa.io/warnings/venv. Use the --root-user-action option if you know what you are doing and want to suppress this warning.

[notice] A new release of pip is available: 24.2 -> 26.2.1
[notice] To update, run: python -m pip install --upgrade pip
