[PASS] preflight: import pycuda — version 2026.1
[PASS] preflight: import batman — version 2.5.1
[PASS] preflight: import transitleastsquares — version 1.32
[PASS] preflight: import nfft — version 0.1
[PASS] preflight: import astropy — version 8.0.1
[PASS] preflight: import cufinufft — version 2.5.1
[PASS] reduction_max equivalence (standard vs optimized kernel) — corr=1.000000 max_rel_diff=1.84e-07 argmax same (std=1842 opt=1842)
[PASS] BLS recovers injected transit — best=0.4001 injected=0.4000
[PASS] kernel cache: eebls_gpu_fast 2nd call faster — first=1387ms second=2ms
[PASS] kernel cache: eebls_gpu_fast_optimized 2nd call faster — first=403ms second=1ms
[PASS] lomb_scargle_simple recovers injected frequency — best=0.1999 injected=0.2000
[PASS] batched_run_const_nfreq (memory_requirement/cufftEstimate1d) — 3 result sets, all finite
[PASS] CE recovers strong sinusoid frequency — best=0.2002 injected=0.2000
[PASS] CE periodogram matches numpy reference — corr=1.0000 argmin same (ref=0.9363 gpu=0.9363)
[PASS] CE compute_log_prob=True returns finite periodogram — min=-104 max=-80.6
[PASS] CE rejects use_fast + weighted — ValueError
[PASS] PDM new (t,y,err) API matches deprecated path — corr=1.000000
[PASS] PDM fast kernel matches reference kernel — corr=1.000000
[PASS] PDM recovers injected frequency — best=0.1999 injected=0.2000
[PASS] PDM rejects block_size > 256 — ValueError

RELEASE GATE: ALL CHECKS PASSED
