........................................................................ [ 10%]
........................................................................ [ 21%]
........................................................................ [ 32%]
........................................................................ [ 43%]
.....................................................F.................. [ 54%]
........................................................................ [ 65%]
........................................................................ [ 76%]
................................................................F....... [ 87%]
........................................................................ [ 97%]
..............                                                           [100%]
=================================== FAILURES ===================================
E   pycuda.driver.CompileError: nvcc compilation of /tmp/tmpcqr4a_x6/kernel.cu failed
    [command: nvcc --cubin --use_fast_math -arch sm_86 -I/usr/local/lib/python3.11/dist-packages/pycuda/cuda kernel.cu]
    [stderr:
    kernel.cu(206): error: identifier "qmin_f" is undefined
                      if (q <= 0.f || q < qmin_f || q > qmax_f) continue;
                                          ^
    
    kernel.cu(206): error: identifier "qmax_f" is undefined
                      if (q <= 0.f || q < qmin_f || q > qmax_f) continue;
                                                        ^
    
    kernel.cu(237): error: identifier "qmin_f" is undefined
                      if (q <= 0.f || q < qmin_f || q > qmax_f) continue;
                                          ^
    
    kernel.cu(237): error: identifier "qmax_f" is undefined
                      if (q <= 0.f || q < qmin_f || q > qmax_f) continue;
                                                        ^
    
    4 errors detected in the compilation of "kernel.cu".
    ]
/usr/local/lib/python3.11/dist-packages/pycuda/compiler.py:150: pycuda.driver.CompileError: nvcc compilation of /tmp/tmpcqr4a_x6/kernel.cu failed
E   AssertionError: assert np.float64(0.0022404354644895794) <= (1e-06 + (1e-10 * np.float64(66.89874303181936)))
     +  where np.float64(66.89874303181936) = <function sum at 0x7f6378409670>(array([1.0649577 , 1.06279892, 0.80122921, 1.01534205, 0.84510047,\n       0.6979915 , 0.42461386, 0.11474846, 0.243287...96, 0.35219108, 0.63991436, 0.63974754, 0.82339115,\n       1.12101218, 1.02426856, 0.98423976, 0.95068688, 0.86009526]))
     +    where <function sum at 0x7f6378409670> = np.sum
     +    and   array([1.0649577 , 1.06279892, 0.80122921, 1.01534205, 0.84510047,\n       0.6979915 , 0.42461386, 0.11474846, 0.243287...96, 0.35219108, 0.63991436, 0.63974754, 0.82339115,\n       1.12101218, 1.02426856, 0.98423976, 0.95068688, 0.86009526]) = <ufunc 'absolute'>(array([ 1.0649577 ,  1.06279892,  0.80122921,  1.01534205,  0.84510047,\n        0.6979915 ,  0.42461386, -0.11474846, ...219108,  0.63991436,  0.63974754,  0.82339115,\n        1.12101218,  1.02426856,  0.98423976,  0.95068688,  0.86009526]))
     +      where <ufunc 'absolute'> = np.abs
/workspace/cuvarbase/cuvarbase/tests/test_nfft.py:279: AssertionError: assert np.float64(0.0022404354644895794) <= (1e-06 + (1e-10 * np.float64(66.89874303181936)))
=============================== warnings summary ===============================
../../usr/local/lib/python3.11/dist-packages/skcuda/__init__.py:4
  /usr/local/lib/python3.11/dist-packages/skcuda/__init__.py:4: DeprecationWarning: pkg_resources is deprecated as an API. See https://setuptools.pypa.io/en/latest/pkg_resources.html
    __import__('pkg_resources').declare_namespace(__name__)

../../usr/local/lib/python3.11/dist-packages/pkg_resources/__init__.py:3154
  /usr/local/lib/python3.11/dist-packages/pkg_resources/__init__.py:3154: DeprecationWarning: Deprecated call to `pkg_resources.declare_namespace('scikits')`.
  Implementing implicit namespace packages (as specified in PEP 420) is preferred to `pkg_resources.declare_namespace`. See https://setuptools.pypa.io/en/latest/references/keywords.html#keyword-namespace-packages
    declare_namespace(pkg)

../../usr/local/lib/python3.11/dist-packages/skcuda/__init__.py:4
  /usr/local/lib/python3.11/dist-packages/skcuda/__init__.py:4: DeprecationWarning: Deprecated call to `pkg_resources.declare_namespace('skcuda')`.
  Implementing implicit namespace packages (as specified in PEP 420) is preferred to `pkg_resources.declare_namespace`. See https://setuptools.pypa.io/en/latest/references/keywords.html#keyword-namespace-packages
    __import__('pkg_resources').declare_namespace(__name__)

../../usr/local/lib/python3.11/dist-packages/skcuda/cublas.py:284
  /usr/local/lib/python3.11/dist-packages/skcuda/cublas.py:284: UserWarning: creating CUBLAS context to get version number
    warnings.warn('creating CUBLAS context to get version number')

cuvarbase/tests/test_bls.py::TestPowerConventions::test_snr_matches_astropy
cuvarbase/tests/test_bls.py::TestPowerConventions::test_loglik_matches_astropy_up_to_reference
  /usr/local/lib/python3.11/dist-packages/astropy/timeseries/periodograms/bls/methods.py:113: RuntimeWarning: invalid value encountered in scalar divide
    y_in = np.sum(y[m_in] * ivar[m_in]) / ivar_in

cuvarbase/tests/test_bls.py::TestPowerConventions::test_snr_matches_astropy
cuvarbase/tests/test_bls.py::TestPowerConventions::test_loglik_matches_astropy_up_to_reference
  /usr/local/lib/python3.11/dist-packages/astropy/timeseries/periodograms/bls/methods.py:118: RuntimeWarning: divide by zero encountered in scalar divide
    depth_err = np.sqrt(1.0 / ivar_in + 1.0 / ivar_out)

cuvarbase/tests/test_tls_basic.py::TestTLSKernel::test_kernel_compilation
  /workspace/cuvarbase/cuvarbase/tls.py:19: UserWarning: cuvarbase.tls is EXPERIMENTAL and not recommended for science use in this release. The epoch (t0) grid is now duration-scaled and failed periods are masked from the statistics, but the rework has not yet been validated against the reference transitleastsquares package. Light curves with more than ~3,500 points exceed the kernel's shared-memory budget (a ValueError is raised). See analysis/V1_AUDIT_AND_GAMEPLAN.md in the repository. For validated transit searches use cuvarbase.bls (eebls_transit).
    warnings.warn(

cuvarbase/tests/test_tls_golden.py::TestGoldenVsTransitLeastSquares::test_recovery_matches_reference[3.0-0.04-0.01]
cuvarbase/tests/test_tls_golden.py::TestGoldenVsTransitLeastSquares::test_recovery_matches_reference[12.0-0.014-0.012]
  /usr/local/lib/python3.11/dist-packages/transitleastsquares/stats.py:458: RuntimeWarning: divide by zero encountered in scalar divide
    snr_pink_per_transit[i] = (1 - mean_flux) / pinknoise

-- Docs: https://docs.pytest.org/en/stable/how-to/capture-warnings.html
=========================== short test summary info ============================
FAILED cuvarbase/tests/test_bls.py::TestBLS::test_sparse_bls_gpu_q_bounds[True]
FAILED cuvarbase/tests/test_nfft.py::TestNFFT::test_autoset_m_l1_bound_meets_tolerance[True-1e-06]
2 failed, 660 passed, 11 warnings in 748.16s (0:12:28)
ecovery_matches_reference[12.0-0.014-0.012]
  /usr/local/lib/python3.11/dist-packages/transitleastsquares/stats.py:458: RuntimeWarning: divide by zero encountered in scalar divide
    snr_pink_per_transit[i] = (1 - mean_flux) / pinknoise

-- Docs: https://docs.pytest.org/en/stable/how-to/capture-warnings.html
=========================== short test summary info ============================
FAILED cuvarbase/tests/test_bls.py::TestBLS::test_sparse_bls_gpu_q_bounds[True]
FAILED cuvarbase/tests/test_nfft.py::TestNFFT::test_autoset_m_l1_bound_meets_tolerance[True-1e-06]
2 failed, 660 passed, 16 warnings in 774.95s (0:12:54)
EXIT=1
