cwd: /var/folders/mm/pwd8b0fn5dx96p97tjbyl2br0000gn/T/cuvarbase-phase5-rehearsal-u3apbyuj/checkout
command: /Users/johnhoffman/Documents/cuvarbase/.git/phase5/local-venv/bin/python -m build

* Creating isolated environment: venv+pip...
* Installing packages in isolated environment:
  - setuptools>=77
* Getting build dependencies for sdist...
running egg_info
creating cuvarbase.egg-info
writing cuvarbase.egg-info/PKG-INFO
writing dependency_links to cuvarbase.egg-info/dependency_links.txt
writing requirements to cuvarbase.egg-info/requires.txt
writing top-level names to cuvarbase.egg-info/top_level.txt
writing manifest file 'cuvarbase.egg-info/SOURCES.txt'
reading manifest file 'cuvarbase.egg-info/SOURCES.txt'
reading manifest template 'MANIFEST.in'
adding license file 'LICENSE.txt'
writing manifest file 'cuvarbase.egg-info/SOURCES.txt'
* Installed build dependency versions:
  - setuptools==84.0.0
* Building sdist...
running sdist
running egg_info
writing cuvarbase.egg-info/PKG-INFO
writing dependency_links to cuvarbase.egg-info/dependency_links.txt
writing requirements to cuvarbase.egg-info/requires.txt
writing top-level names to cuvarbase.egg-info/top_level.txt
reading manifest file 'cuvarbase.egg-info/SOURCES.txt'
reading manifest template 'MANIFEST.in'
adding license file 'LICENSE.txt'
writing manifest file 'cuvarbase.egg-info/SOURCES.txt'
running check
creating cuvarbase-1.0.0
creating cuvarbase-1.0.0/cuvarbase
creating cuvarbase-1.0.0/cuvarbase.egg-info
creating cuvarbase-1.0.0/cuvarbase/base
creating cuvarbase-1.0.0/cuvarbase/kernels
creating cuvarbase-1.0.0/cuvarbase/memory
creating cuvarbase-1.0.0/cuvarbase/tests
copying files to cuvarbase-1.0.0...
copying CHANGELOG.rst -> cuvarbase-1.0.0
copying INSTALL.rst -> cuvarbase-1.0.0
copying LICENSE.txt -> cuvarbase-1.0.0
copying MANIFEST.in -> cuvarbase-1.0.0
copying README.md -> cuvarbase-1.0.0
copying README.rst -> cuvarbase-1.0.0
copying pyproject.toml -> cuvarbase-1.0.0
copying cuvarbase/__init__.py -> cuvarbase-1.0.0/cuvarbase
copying cuvarbase/_cufft.py -> cuvarbase-1.0.0/cuvarbase
copying cuvarbase/bls.py -> cuvarbase-1.0.0/cuvarbase
copying cuvarbase/bls_frequencies.py -> cuvarbase-1.0.0/cuvarbase
copying cuvarbase/ce.py -> cuvarbase-1.0.0/cuvarbase
copying cuvarbase/core.py -> cuvarbase-1.0.0/cuvarbase
copying cuvarbase/cufinufft_backend.py -> cuvarbase-1.0.0/cuvarbase
copying cuvarbase/cunfft.py -> cuvarbase-1.0.0/cuvarbase
copying cuvarbase/lombscargle.py -> cuvarbase-1.0.0/cuvarbase
copying cuvarbase/nufft_lrt.py -> cuvarbase-1.0.0/cuvarbase
copying cuvarbase/pdm.py -> cuvarbase-1.0.0/cuvarbase
copying cuvarbase/tls.py -> cuvarbase-1.0.0/cuvarbase
copying cuvarbase/tls_grids.py -> cuvarbase-1.0.0/cuvarbase
copying cuvarbase/tls_models.py -> cuvarbase-1.0.0/cuvarbase
copying cuvarbase/tls_stats.py -> cuvarbase-1.0.0/cuvarbase
copying cuvarbase/utils.py -> cuvarbase-1.0.0/cuvarbase
copying cuvarbase.egg-info/PKG-INFO -> cuvarbase-1.0.0/cuvarbase.egg-info
copying cuvarbase.egg-info/SOURCES.txt -> cuvarbase-1.0.0/cuvarbase.egg-info
copying cuvarbase.egg-info/dependency_links.txt -> cuvarbase-1.0.0/cuvarbase.egg-info
copying cuvarbase.egg-info/requires.txt -> cuvarbase-1.0.0/cuvarbase.egg-info
copying cuvarbase.egg-info/top_level.txt -> cuvarbase-1.0.0/cuvarbase.egg-info
copying cuvarbase/base/__init__.py -> cuvarbase-1.0.0/cuvarbase/base
copying cuvarbase/base/async_process.py -> cuvarbase-1.0.0/cuvarbase/base
copying cuvarbase/base/context.py -> cuvarbase-1.0.0/cuvarbase/base
copying cuvarbase/kernels/bls.cu -> cuvarbase-1.0.0/cuvarbase/kernels
copying cuvarbase/kernels/bls_batch.cu -> cuvarbase-1.0.0/cuvarbase/kernels
copying cuvarbase/kernels/bls_common.cuh -> cuvarbase-1.0.0/cuvarbase/kernels
copying cuvarbase/kernels/bls_optimized.cu -> cuvarbase-1.0.0/cuvarbase/kernels
copying cuvarbase/kernels/ce.cu -> cuvarbase-1.0.0/cuvarbase/kernels
copying cuvarbase/kernels/cunfft.cu -> cuvarbase-1.0.0/cuvarbase/kernels
copying cuvarbase/kernels/lomb.cu -> cuvarbase-1.0.0/cuvarbase/kernels
copying cuvarbase/kernels/nufft_lrt.cu -> cuvarbase-1.0.0/cuvarbase/kernels
copying cuvarbase/kernels/pdm.cu -> cuvarbase-1.0.0/cuvarbase/kernels
copying cuvarbase/kernels/sparse_bls.cu -> cuvarbase-1.0.0/cuvarbase/kernels
copying cuvarbase/kernels/tls.cu -> cuvarbase-1.0.0/cuvarbase/kernels
copying cuvarbase/kernels/tls_fast.cu -> cuvarbase-1.0.0/cuvarbase/kernels
copying cuvarbase/memory/__init__.py -> cuvarbase-1.0.0/cuvarbase/memory
copying cuvarbase/memory/_host.py -> cuvarbase-1.0.0/cuvarbase/memory
copying cuvarbase/memory/bls_memory.py -> cuvarbase-1.0.0/cuvarbase/memory
copying cuvarbase/memory/ce_memory.py -> cuvarbase-1.0.0/cuvarbase/memory
copying cuvarbase/memory/lombscargle_memory.py -> cuvarbase-1.0.0/cuvarbase/memory
copying cuvarbase/memory/nfft_memory.py -> cuvarbase-1.0.0/cuvarbase/memory
copying cuvarbase/tests/__init__.py -> cuvarbase-1.0.0/cuvarbase/tests
copying cuvarbase/tests/conftest.py -> cuvarbase-1.0.0/cuvarbase/tests
copying cuvarbase/tests/test_api_freeze.py -> cuvarbase-1.0.0/cuvarbase/tests
copying cuvarbase/tests/test_bls.py -> cuvarbase-1.0.0/cuvarbase/tests
copying cuvarbase/tests/test_bls_frequencies.py -> cuvarbase-1.0.0/cuvarbase/tests
copying cuvarbase/tests/test_ce.py -> cuvarbase-1.0.0/cuvarbase/tests
copying cuvarbase/tests/test_error_hygiene.py -> cuvarbase-1.0.0/cuvarbase/tests
copying cuvarbase/tests/test_examples_compile.py -> cuvarbase-1.0.0/cuvarbase/tests
copying cuvarbase/tests/test_host_array.py -> cuvarbase-1.0.0/cuvarbase/tests
copying cuvarbase/tests/test_input_validation.py -> cuvarbase-1.0.0/cuvarbase/tests
copying cuvarbase/tests/test_keplerian_relations.py -> cuvarbase-1.0.0/cuvarbase/tests
copying cuvarbase/tests/test_kernel_cache.py -> cuvarbase-1.0.0/cuvarbase/tests
copying cuvarbase/tests/test_kernel_drift.py -> cuvarbase-1.0.0/cuvarbase/tests
copying cuvarbase/tests/test_kernel_inventory.py -> cuvarbase-1.0.0/cuvarbase/tests
copying cuvarbase/tests/test_lazy_imports.py -> cuvarbase-1.0.0/cuvarbase/tests
copying cuvarbase/tests/test_lombscargle.py -> cuvarbase-1.0.0/cuvarbase/tests
copying cuvarbase/tests/test_mhgls_hybrid.py -> cuvarbase-1.0.0/cuvarbase/tests
copying cuvarbase/tests/test_nfft.py -> cuvarbase-1.0.0/cuvarbase/tests
copying cuvarbase/tests/test_nfft_m.py -> cuvarbase-1.0.0/cuvarbase/tests
copying cuvarbase/tests/test_nufft_lrt.py -> cuvarbase-1.0.0/cuvarbase/tests
copying cuvarbase/tests/test_nufft_lrt_algorithm.py -> cuvarbase-1.0.0/cuvarbase/tests
copying cuvarbase/tests/test_nufft_lrt_import.py -> cuvarbase-1.0.0/cuvarbase/tests
copying cuvarbase/tests/test_nufft_lrt_pipeline.py -> cuvarbase-1.0.0/cuvarbase/tests
copying cuvarbase/tests/test_pdm.py -> cuvarbase-1.0.0/cuvarbase/tests
copying cuvarbase/tests/test_pdm_batch.py -> cuvarbase-1.0.0/cuvarbase/tests
copying cuvarbase/tests/test_readme_consistency.py -> cuvarbase-1.0.0/cuvarbase/tests
copying cuvarbase/tests/test_readme_examples.py -> cuvarbase-1.0.0/cuvarbase/tests
copying cuvarbase/tests/test_tls_basic.py -> cuvarbase-1.0.0/cuvarbase/tests
copying cuvarbase/tests/test_tls_fast.py -> cuvarbase-1.0.0/cuvarbase/tests
copying cuvarbase/tests/test_tls_golden.py -> cuvarbase-1.0.0/cuvarbase/tests
copying cuvarbase/tests/test_tls_t0_oversample.py -> cuvarbase-1.0.0/cuvarbase/tests
copying cuvarbase/tests/test_utils.py -> cuvarbase-1.0.0/cuvarbase/tests
Writing cuvarbase-1.0.0/setup.cfg
Creating tar archive
removing 'cuvarbase-1.0.0' (and everything under it)
* Building wheel from sdist
* Creating isolated environment: venv+pip...
* Installing packages in isolated environment:
  - setuptools>=77
* Getting build dependencies for wheel...
running egg_info
writing cuvarbase.egg-info/PKG-INFO
writing dependency_links to cuvarbase.egg-info/dependency_links.txt
writing requirements to cuvarbase.egg-info/requires.txt
writing top-level names to cuvarbase.egg-info/top_level.txt
reading manifest file 'cuvarbase.egg-info/SOURCES.txt'
reading manifest template 'MANIFEST.in'
adding license file 'LICENSE.txt'
writing manifest file 'cuvarbase.egg-info/SOURCES.txt'
* Installed build dependency versions:
  - setuptools==84.0.0
* Building wheel...
running bdist_wheel
running build
running build_py
creating build/lib/cuvarbase
copying cuvarbase/tls_models.py -> build/lib/cuvarbase
copying cuvarbase/nufft_lrt.py -> build/lib/cuvarbase
copying cuvarbase/pdm.py -> build/lib/cuvarbase
copying cuvarbase/tls_stats.py -> build/lib/cuvarbase
copying cuvarbase/_cufft.py -> build/lib/cuvarbase
copying cuvarbase/__init__.py -> build/lib/cuvarbase
copying cuvarbase/core.py -> build/lib/cuvarbase
copying cuvarbase/bls.py -> build/lib/cuvarbase
copying cuvarbase/tls.py -> build/lib/cuvarbase
copying cuvarbase/cunfft.py -> build/lib/cuvarbase
copying cuvarbase/cufinufft_backend.py -> build/lib/cuvarbase
copying cuvarbase/utils.py -> build/lib/cuvarbase
copying cuvarbase/lombscargle.py -> build/lib/cuvarbase
copying cuvarbase/tls_grids.py -> build/lib/cuvarbase
copying cuvarbase/ce.py -> build/lib/cuvarbase
copying cuvarbase/bls_frequencies.py -> build/lib/cuvarbase
creating build/lib/cuvarbase/memory
copying cuvarbase/memory/bls_memory.py -> build/lib/cuvarbase/memory
copying cuvarbase/memory/__init__.py -> build/lib/cuvarbase/memory
copying cuvarbase/memory/_host.py -> build/lib/cuvarbase/memory
copying cuvarbase/memory/lombscargle_memory.py -> build/lib/cuvarbase/memory
copying cuvarbase/memory/ce_memory.py -> build/lib/cuvarbase/memory
copying cuvarbase/memory/nfft_memory.py -> build/lib/cuvarbase/memory
creating build/lib/cuvarbase/tests
copying cuvarbase/tests/test_mhgls_hybrid.py -> build/lib/cuvarbase/tests
copying cuvarbase/tests/test_kernel_drift.py -> build/lib/cuvarbase/tests
copying cuvarbase/tests/test_kernel_cache.py -> build/lib/cuvarbase/tests
copying cuvarbase/tests/test_readme_consistency.py -> build/lib/cuvarbase/tests
copying cuvarbase/tests/test_lazy_imports.py -> build/lib/cuvarbase/tests
copying cuvarbase/tests/test_utils.py -> build/lib/cuvarbase/tests
copying cuvarbase/tests/conftest.py -> build/lib/cuvarbase/tests
copying cuvarbase/tests/test_nfft_m.py -> build/lib/cuvarbase/tests
copying cuvarbase/tests/test_keplerian_relations.py -> build/lib/cuvarbase/tests
copying cuvarbase/tests/test_bls.py -> build/lib/cuvarbase/tests
copying cuvarbase/tests/test_kernel_inventory.py -> build/lib/cuvarbase/tests
copying cuvarbase/tests/test_tls_t0_oversample.py -> build/lib/cuvarbase/tests
copying cuvarbase/tests/test_pdm_batch.py -> build/lib/cuvarbase/tests
copying cuvarbase/tests/test_bls_frequencies.py -> build/lib/cuvarbase/tests
copying cuvarbase/tests/test_pdm.py -> build/lib/cuvarbase/tests
copying cuvarbase/tests/test_readme_examples.py -> build/lib/cuvarbase/tests
copying cuvarbase/tests/__init__.py -> build/lib/cuvarbase/tests
copying cuvarbase/tests/test_examples_compile.py -> build/lib/cuvarbase/tests
copying cuvarbase/tests/test_error_hygiene.py -> build/lib/cuvarbase/tests
copying cuvarbase/tests/test_nufft_lrt_pipeline.py -> build/lib/cuvarbase/tests
copying cuvarbase/tests/test_tls_golden.py -> build/lib/cuvarbase/tests
copying cuvarbase/tests/test_input_validation.py -> build/lib/cuvarbase/tests
copying cuvarbase/tests/test_host_array.py -> build/lib/cuvarbase/tests
copying cuvarbase/tests/test_nufft_lrt_algorithm.py -> build/lib/cuvarbase/tests
copying cuvarbase/tests/test_tls_fast.py -> build/lib/cuvarbase/tests
copying cuvarbase/tests/test_nufft_lrt.py -> build/lib/cuvarbase/tests
copying cuvarbase/tests/test_tls_basic.py -> build/lib/cuvarbase/tests
copying cuvarbase/tests/test_ce.py -> build/lib/cuvarbase/tests
copying cuvarbase/tests/test_api_freeze.py -> build/lib/cuvarbase/tests
copying cuvarbase/tests/test_lombscargle.py -> build/lib/cuvarbase/tests
copying cuvarbase/tests/test_nfft.py -> build/lib/cuvarbase/tests
copying cuvarbase/tests/test_nufft_lrt_import.py -> build/lib/cuvarbase/tests
creating build/lib/cuvarbase/base
copying cuvarbase/base/async_process.py -> build/lib/cuvarbase/base
copying cuvarbase/base/__init__.py -> build/lib/cuvarbase/base
copying cuvarbase/base/context.py -> build/lib/cuvarbase/base
running egg_info
writing cuvarbase.egg-info/PKG-INFO
writing dependency_links to cuvarbase.egg-info/dependency_links.txt
writing requirements to cuvarbase.egg-info/requires.txt
writing top-level names to cuvarbase.egg-info/top_level.txt
reading manifest file 'cuvarbase.egg-info/SOURCES.txt'
reading manifest template 'MANIFEST.in'
adding license file 'LICENSE.txt'
writing manifest file 'cuvarbase.egg-info/SOURCES.txt'
creating build/lib/cuvarbase/kernels
copying cuvarbase/kernels/bls.cu -> build/lib/cuvarbase/kernels
copying cuvarbase/kernels/nufft_lrt.cu -> build/lib/cuvarbase/kernels
copying cuvarbase/kernels/pdm.cu -> build/lib/cuvarbase/kernels
copying cuvarbase/kernels/bls_optimized.cu -> build/lib/cuvarbase/kernels
copying cuvarbase/kernels/ce.cu -> build/lib/cuvarbase/kernels
copying cuvarbase/kernels/lomb.cu -> build/lib/cuvarbase/kernels
copying cuvarbase/kernels/tls_fast.cu -> build/lib/cuvarbase/kernels
copying cuvarbase/kernels/bls_batch.cu -> build/lib/cuvarbase/kernels
copying cuvarbase/kernels/tls.cu -> build/lib/cuvarbase/kernels
copying cuvarbase/kernels/cunfft.cu -> build/lib/cuvarbase/kernels
copying cuvarbase/kernels/sparse_bls.cu -> build/lib/cuvarbase/kernels
copying cuvarbase/kernels/bls_common.cuh -> build/lib/cuvarbase/kernels
installing to build/bdist.macosx-26.0-arm64/wheel
running install
running install_lib
creating build/bdist.macosx-26.0-arm64/wheel
creating build/bdist.macosx-26.0-arm64/wheel/cuvarbase
copying build/lib/cuvarbase/tls_models.py -> build/bdist.macosx-26.0-arm64/wheel/./cuvarbase
creating build/bdist.macosx-26.0-arm64/wheel/cuvarbase/kernels
copying build/lib/cuvarbase/kernels/bls.cu -> build/bdist.macosx-26.0-arm64/wheel/./cuvarbase/kernels
copying build/lib/cuvarbase/kernels/bls_common.cuh -> build/bdist.macosx-26.0-arm64/wheel/./cuvarbase/kernels
copying build/lib/cuvarbase/kernels/nufft_lrt.cu -> build/bdist.macosx-26.0-arm64/wheel/./cuvarbase/kernels
copying build/lib/cuvarbase/kernels/pdm.cu -> build/bdist.macosx-26.0-arm64/wheel/./cuvarbase/kernels
copying build/lib/cuvarbase/kernels/bls_optimized.cu -> build/bdist.macosx-26.0-arm64/wheel/./cuvarbase/kernels
copying build/lib/cuvarbase/kernels/ce.cu -> build/bdist.macosx-26.0-arm64/wheel/./cuvarbase/kernels
copying build/lib/cuvarbase/kernels/lomb.cu -> build/bdist.macosx-26.0-arm64/wheel/./cuvarbase/kernels
copying build/lib/cuvarbase/kernels/tls_fast.cu -> build/bdist.macosx-26.0-arm64/wheel/./cuvarbase/kernels
copying build/lib/cuvarbase/kernels/bls_batch.cu -> build/bdist.macosx-26.0-arm64/wheel/./cuvarbase/kernels
copying build/lib/cuvarbase/kernels/tls.cu -> build/bdist.macosx-26.0-arm64/wheel/./cuvarbase/kernels
copying build/lib/cuvarbase/kernels/cunfft.cu -> build/bdist.macosx-26.0-arm64/wheel/./cuvarbase/kernels
copying build/lib/cuvarbase/kernels/sparse_bls.cu -> build/bdist.macosx-26.0-arm64/wheel/./cuvarbase/kernels
copying build/lib/cuvarbase/nufft_lrt.py -> build/bdist.macosx-26.0-arm64/wheel/./cuvarbase
copying build/lib/cuvarbase/pdm.py -> build/bdist.macosx-26.0-arm64/wheel/./cuvarbase
creating build/bdist.macosx-26.0-arm64/wheel/cuvarbase/memory
copying build/lib/cuvarbase/memory/bls_memory.py -> build/bdist.macosx-26.0-arm64/wheel/./cuvarbase/memory
copying build/lib/cuvarbase/memory/__init__.py -> build/bdist.macosx-26.0-arm64/wheel/./cuvarbase/memory
copying build/lib/cuvarbase/memory/_host.py -> build/bdist.macosx-26.0-arm64/wheel/./cuvarbase/memory
copying build/lib/cuvarbase/memory/lombscargle_memory.py -> build/bdist.macosx-26.0-arm64/wheel/./cuvarbase/memory
copying build/lib/cuvarbase/memory/ce_memory.py -> build/bdist.macosx-26.0-arm64/wheel/./cuvarbase/memory
copying build/lib/cuvarbase/memory/nfft_memory.py -> build/bdist.macosx-26.0-arm64/wheel/./cuvarbase/memory
copying build/lib/cuvarbase/tls_stats.py -> build/bdist.macosx-26.0-arm64/wheel/./cuvarbase
copying build/lib/cuvarbase/_cufft.py -> build/bdist.macosx-26.0-arm64/wheel/./cuvarbase
creating build/bdist.macosx-26.0-arm64/wheel/cuvarbase/tests
copying build/lib/cuvarbase/tests/test_mhgls_hybrid.py -> build/bdist.macosx-26.0-arm64/wheel/./cuvarbase/tests
copying build/lib/cuvarbase/tests/test_kernel_drift.py -> build/bdist.macosx-26.0-arm64/wheel/./cuvarbase/tests
copying build/lib/cuvarbase/tests/test_kernel_cache.py -> build/bdist.macosx-26.0-arm64/wheel/./cuvarbase/tests
copying build/lib/cuvarbase/tests/test_readme_consistency.py -> build/bdist.macosx-26.0-arm64/wheel/./cuvarbase/tests
copying build/lib/cuvarbase/tests/test_lazy_imports.py -> build/bdist.macosx-26.0-arm64/wheel/./cuvarbase/tests
copying build/lib/cuvarbase/tests/test_utils.py -> build/bdist.macosx-26.0-arm64/wheel/./cuvarbase/tests
copying build/lib/cuvarbase/tests/conftest.py -> build/bdist.macosx-26.0-arm64/wheel/./cuvarbase/tests
copying build/lib/cuvarbase/tests/test_nfft_m.py -> build/bdist.macosx-26.0-arm64/wheel/./cuvarbase/tests
copying build/lib/cuvarbase/tests/test_keplerian_relations.py -> build/bdist.macosx-26.0-arm64/wheel/./cuvarbase/tests
copying build/lib/cuvarbase/tests/test_bls.py -> build/bdist.macosx-26.0-arm64/wheel/./cuvarbase/tests
copying build/lib/cuvarbase/tests/test_kernel_inventory.py -> build/bdist.macosx-26.0-arm64/wheel/./cuvarbase/tests
copying build/lib/cuvarbase/tests/test_tls_t0_oversample.py -> build/bdist.macosx-26.0-arm64/wheel/./cuvarbase/tests
copying build/lib/cuvarbase/tests/test_pdm_batch.py -> build/bdist.macosx-26.0-arm64/wheel/./cuvarbase/tests
copying build/lib/cuvarbase/tests/test_bls_frequencies.py -> build/bdist.macosx-26.0-arm64/wheel/./cuvarbase/tests
copying build/lib/cuvarbase/tests/test_pdm.py -> build/bdist.macosx-26.0-arm64/wheel/./cuvarbase/tests
copying build/lib/cuvarbase/tests/test_readme_examples.py -> build/bdist.macosx-26.0-arm64/wheel/./cuvarbase/tests
copying build/lib/cuvarbase/tests/__init__.py -> build/bdist.macosx-26.0-arm64/wheel/./cuvarbase/tests
copying build/lib/cuvarbase/tests/test_examples_compile.py -> build/bdist.macosx-26.0-arm64/wheel/./cuvarbase/tests
copying build/lib/cuvarbase/tests/test_error_hygiene.py -> build/bdist.macosx-26.0-arm64/wheel/./cuvarbase/tests
copying build/lib/cuvarbase/tests/test_nufft_lrt_pipeline.py -> build/bdist.macosx-26.0-arm64/wheel/./cuvarbase/tests
copying build/lib/cuvarbase/tests/test_tls_golden.py -> build/bdist.macosx-26.0-arm64/wheel/./cuvarbase/tests
copying build/lib/cuvarbase/tests/test_input_validation.py -> build/bdist.macosx-26.0-arm64/wheel/./cuvarbase/tests
copying build/lib/cuvarbase/tests/test_host_array.py -> build/bdist.macosx-26.0-arm64/wheel/./cuvarbase/tests
copying build/lib/cuvarbase/tests/test_nufft_lrt_algorithm.py -> build/bdist.macosx-26.0-arm64/wheel/./cuvarbase/tests
copying build/lib/cuvarbase/tests/test_tls_fast.py -> build/bdist.macosx-26.0-arm64/wheel/./cuvarbase/tests
copying build/lib/cuvarbase/tests/test_nufft_lrt.py -> build/bdist.macosx-26.0-arm64/wheel/./cuvarbase/tests
copying build/lib/cuvarbase/tests/test_tls_basic.py -> build/bdist.macosx-26.0-arm64/wheel/./cuvarbase/tests
copying build/lib/cuvarbase/tests/test_ce.py -> build/bdist.macosx-26.0-arm64/wheel/./cuvarbase/tests
copying build/lib/cuvarbase/tests/test_api_freeze.py -> build/bdist.macosx-26.0-arm64/wheel/./cuvarbase/tests
copying build/lib/cuvarbase/tests/test_lombscargle.py -> build/bdist.macosx-26.0-arm64/wheel/./cuvarbase/tests
copying build/lib/cuvarbase/tests/test_nfft.py -> build/bdist.macosx-26.0-arm64/wheel/./cuvarbase/tests
copying build/lib/cuvarbase/tests/test_nufft_lrt_import.py -> build/bdist.macosx-26.0-arm64/wheel/./cuvarbase/tests
copying build/lib/cuvarbase/__init__.py -> build/bdist.macosx-26.0-arm64/wheel/./cuvarbase
copying build/lib/cuvarbase/core.py -> build/bdist.macosx-26.0-arm64/wheel/./cuvarbase
copying build/lib/cuvarbase/bls.py -> build/bdist.macosx-26.0-arm64/wheel/./cuvarbase
copying build/lib/cuvarbase/tls.py -> build/bdist.macosx-26.0-arm64/wheel/./cuvarbase
copying build/lib/cuvarbase/cunfft.py -> build/bdist.macosx-26.0-arm64/wheel/./cuvarbase
copying build/lib/cuvarbase/cufinufft_backend.py -> build/bdist.macosx-26.0-arm64/wheel/./cuvarbase
copying build/lib/cuvarbase/utils.py -> build/bdist.macosx-26.0-arm64/wheel/./cuvarbase
copying build/lib/cuvarbase/lombscargle.py -> build/bdist.macosx-26.0-arm64/wheel/./cuvarbase
copying build/lib/cuvarbase/tls_grids.py -> build/bdist.macosx-26.0-arm64/wheel/./cuvarbase
copying build/lib/cuvarbase/ce.py -> build/bdist.macosx-26.0-arm64/wheel/./cuvarbase
creating build/bdist.macosx-26.0-arm64/wheel/cuvarbase/base
copying build/lib/cuvarbase/base/async_process.py -> build/bdist.macosx-26.0-arm64/wheel/./cuvarbase/base
copying build/lib/cuvarbase/base/__init__.py -> build/bdist.macosx-26.0-arm64/wheel/./cuvarbase/base
copying build/lib/cuvarbase/base/context.py -> build/bdist.macosx-26.0-arm64/wheel/./cuvarbase/base
copying build/lib/cuvarbase/bls_frequencies.py -> build/bdist.macosx-26.0-arm64/wheel/./cuvarbase
running install_egg_info
Copying cuvarbase.egg-info to build/bdist.macosx-26.0-arm64/wheel/./cuvarbase-1.0.0-py3.13.egg-info
running install_scripts
creating build/bdist.macosx-26.0-arm64/wheel/cuvarbase-1.0.0.dist-info/WHEEL
creating '/private/var/folders/mm/pwd8b0fn5dx96p97tjbyl2br0000gn/T/cuvarbase-phase5-rehearsal-u3apbyuj/checkout/dist/.tmp-qcf8zvqo/cuvarbase-1.0.0-py3-none-any.whl' and adding 'build/bdist.macosx-26.0-arm64/wheel' to it
adding 'cuvarbase/__init__.py'
adding 'cuvarbase/_cufft.py'
adding 'cuvarbase/bls.py'
adding 'cuvarbase/bls_frequencies.py'
adding 'cuvarbase/ce.py'
adding 'cuvarbase/core.py'
adding 'cuvarbase/cufinufft_backend.py'
adding 'cuvarbase/cunfft.py'
adding 'cuvarbase/lombscargle.py'
adding 'cuvarbase/nufft_lrt.py'
adding 'cuvarbase/pdm.py'
adding 'cuvarbase/tls.py'
adding 'cuvarbase/tls_grids.py'
adding 'cuvarbase/tls_models.py'
adding 'cuvarbase/tls_stats.py'
adding 'cuvarbase/utils.py'
adding 'cuvarbase/base/__init__.py'
adding 'cuvarbase/base/async_process.py'
adding 'cuvarbase/base/context.py'
adding 'cuvarbase/kernels/bls.cu'
adding 'cuvarbase/kernels/bls_batch.cu'
adding 'cuvarbase/kernels/bls_common.cuh'
adding 'cuvarbase/kernels/bls_optimized.cu'
adding 'cuvarbase/kernels/ce.cu'
adding 'cuvarbase/kernels/cunfft.cu'
adding 'cuvarbase/kernels/lomb.cu'
adding 'cuvarbase/kernels/nufft_lrt.cu'
adding 'cuvarbase/kernels/pdm.cu'
adding 'cuvarbase/kernels/sparse_bls.cu'
adding 'cuvarbase/kernels/tls.cu'
adding 'cuvarbase/kernels/tls_fast.cu'
adding 'cuvarbase/memory/__init__.py'
adding 'cuvarbase/memory/_host.py'
adding 'cuvarbase/memory/bls_memory.py'
adding 'cuvarbase/memory/ce_memory.py'
adding 'cuvarbase/memory/lombscargle_memory.py'
adding 'cuvarbase/memory/nfft_memory.py'
adding 'cuvarbase/tests/__init__.py'
adding 'cuvarbase/tests/conftest.py'
adding 'cuvarbase/tests/test_api_freeze.py'
adding 'cuvarbase/tests/test_bls.py'
adding 'cuvarbase/tests/test_bls_frequencies.py'
adding 'cuvarbase/tests/test_ce.py'
adding 'cuvarbase/tests/test_error_hygiene.py'
adding 'cuvarbase/tests/test_examples_compile.py'
adding 'cuvarbase/tests/test_host_array.py'
adding 'cuvarbase/tests/test_input_validation.py'
adding 'cuvarbase/tests/test_keplerian_relations.py'
adding 'cuvarbase/tests/test_kernel_cache.py'
adding 'cuvarbase/tests/test_kernel_drift.py'
adding 'cuvarbase/tests/test_kernel_inventory.py'
adding 'cuvarbase/tests/test_lazy_imports.py'
adding 'cuvarbase/tests/test_lombscargle.py'
adding 'cuvarbase/tests/test_mhgls_hybrid.py'
adding 'cuvarbase/tests/test_nfft.py'
adding 'cuvarbase/tests/test_nfft_m.py'
adding 'cuvarbase/tests/test_nufft_lrt.py'
adding 'cuvarbase/tests/test_nufft_lrt_algorithm.py'
adding 'cuvarbase/tests/test_nufft_lrt_import.py'
adding 'cuvarbase/tests/test_nufft_lrt_pipeline.py'
adding 'cuvarbase/tests/test_pdm.py'
adding 'cuvarbase/tests/test_pdm_batch.py'
adding 'cuvarbase/tests/test_readme_consistency.py'
adding 'cuvarbase/tests/test_readme_examples.py'
adding 'cuvarbase/tests/test_tls_basic.py'
adding 'cuvarbase/tests/test_tls_fast.py'
adding 'cuvarbase/tests/test_tls_golden.py'
adding 'cuvarbase/tests/test_tls_t0_oversample.py'
adding 'cuvarbase/tests/test_utils.py'
adding 'cuvarbase-1.0.0.dist-info/licenses/LICENSE.txt'
adding 'cuvarbase-1.0.0.dist-info/METADATA'
adding 'cuvarbase-1.0.0.dist-info/WHEEL'
adding 'cuvarbase-1.0.0.dist-info/top_level.txt'
adding 'cuvarbase-1.0.0.dist-info/RECORD'
removing build/bdist.macosx-26.0-arm64/wheel
Successfully built cuvarbase-1.0.0.tar.gz and cuvarbase-1.0.0-py3-none-any.whl

EXIT_CODE=0
