cwd: /Users/johnhoffman/Documents/cuvarbase
command: git merge-tree --write-tree 060d839035bcc65d7c69a48a3329852a5f6d580b ea2694ffafbb49363f236133bb16675a64ca00ba

73dc799518aa1f56051686bd6774c98a7f0a146c
100644 89ba619c2c7f23596e7f33345922ce426baac4bd 1	README.rst
100644 3809cd405d9814cb1c40b19591295c5867225173 2	README.rst
100644 262fe876e686e8ce25da69f50f33aeea03b9a739 3	README.rst
100644 7f0102b5a562a8f318a0c01d31ac31c7d71956f2 1	cuvarbase/lombscargle.py
100644 e875d44a9e002b20ed7a81beed18002116945ffb 2	cuvarbase/lombscargle.py
100644 1d889c0fd2e4fac4a311b25ca7815f65a2dfc1a3 3	cuvarbase/lombscargle.py
100644 22a39706648aaa352812be6c6994e24060d59be4 1	cuvarbase/pdm.py
100644 0aaa8db509a2da54b7e5faf99969fa29bf384779 2	cuvarbase/pdm.py
100644 2cbac1b59a976c98c33e63661368452c852d5dbc 3	cuvarbase/pdm.py
100644 2c6d59465f6490f6b8c5a97c16bc45987850cb7b 1	cuvarbase/utils.py
100644 90d8b94e8438e9bf4661f396a953992668847f30 2	cuvarbase/utils.py
100644 e1d5e45b4e18399db926718da9ea5e636bbe1990 3	cuvarbase/utils.py

Auto-merging README.rst
CONFLICT (content): Merge conflict in README.rst
Auto-merging cuvarbase/lombscargle.py
CONFLICT (content): Merge conflict in cuvarbase/lombscargle.py
Auto-merging cuvarbase/pdm.py
CONFLICT (content): Merge conflict in cuvarbase/pdm.py
Auto-merging cuvarbase/utils.py
CONFLICT (content): Merge conflict in cuvarbase/utils.py

EXIT_CODE=1
