/tmp/cuvarbase-benchmark-audit/modern/lib/python3.11/site-packages/gputls/core.py:8: FutureWarning: The pynvml package is deprecated. Please install nvidia-ml-py instead. If you did not install pynvml directly, please report this to the maintainers of the package that installed pynvml for you.
  import pynvml
/tmp/cuvarbase-benchmark-audit/run_tls.py:150: UserWarning: Warning: converting a masked element to nan.
  native_sde=float(field('SDE')),
Traceback (most recent call last):
  File "/tmp/cuvarbase-benchmark-audit/run_tls.py", line 174, in <module>
    main()
  File "/tmp/cuvarbase-benchmark-audit/run_tls.py", line 167, in main
    write_json(args.out, record)
  File "/tmp/cuvarbase-benchmark-audit/common.py", line 56, in write_json
    tmp.write_text(json.dumps(obj, indent=2, allow_nan=False) + '\n')
                   ^^^^^^^^^^^^^^^^^^^^^^^^^^^^^^^^^^^^^^^^^^
  File "/usr/lib/python3.11/json/__init__.py", line 238, in dumps
    **kw).encode(obj)
          ^^^^^^^^^^^
  File "/usr/lib/python3.11/json/encoder.py", line 202, in encode
    chunks = list(chunks)
             ^^^^^^^^^^^^
  File "/usr/lib/python3.11/json/encoder.py", line 432, in _iterencode
    yield from _iterencode_dict(o, _current_indent_level)
  File "/usr/lib/python3.11/json/encoder.py", line 406, in _iterencode_dict
    yield from chunks
  File "/usr/lib/python3.11/json/encoder.py", line 326, in _iterencode_list
    yield from chunks
  File "/usr/lib/python3.11/json/encoder.py", line 398, in _iterencode_dict
    yield _floatstr(value)
          ^^^^^^^^^^^^^^^^
  File "/usr/lib/python3.11/json/encoder.py", line 240, in floatstr
    raise ValueError(
ValueError: Out of range float values are not JSON compliant: nan
