Collecting cython
  Downloading cython-3.3.0-cp311-cp311-manylinux2014_x86_64.manylinux_2_17_x86_64.manylinux_2_28_x86_64.whl.metadata (28 kB)
Collecting matplotlib
  Downloading matplotlib-3.11.1-cp311-cp311-manylinux2014_x86_64.manylinux_2_17_x86_64.whl.metadata (80 kB)
Collecting contourpy>=1.0.1 (from matplotlib)
  Downloading contourpy-1.3.3-cp311-cp311-manylinux_2_27_x86_64.manylinux_2_28_x86_64.whl.metadata (5.5 kB)
Collecting cycler>=0.10 (from matplotlib)
  Downloading cycler-0.12.1-py3-none-any.whl.metadata (3.8 kB)
Collecting fonttools>=4.28.2 (from matplotlib)
  Downloading fonttools-4.64.0-cp311-cp311-manylinux2014_x86_64.manylinux_2_17_x86_64.whl.metadata (123 kB)
Collecting kiwisolver>=1.3.1 (from matplotlib)
  Downloading kiwisolver-1.5.1-cp311-cp311-manylinux2014_x86_64.manylinux_2_17_x86_64.whl.metadata (5.2 kB)
Requirement already satisfied: numpy>=1.25 in ./modern/lib/python3.11/site-packages (from matplotlib) (2.2.6)
Requirement already satisfied: packaging>=20.0 in ./modern/lib/python3.11/site-packages (from matplotlib) (26.3)
Collecting pillow>=9 (from matplotlib)
  Downloading pillow-12.3.0-cp311-cp311-manylinux_2_27_x86_64.manylinux_2_28_x86_64.whl.metadata (9.1 kB)
Collecting pyparsing>=3 (from matplotlib)
  Downloading pyparsing-3.3.2-py3-none-any.whl.metadata (5.8 kB)
Collecting python-dateutil>=2.7 (from matplotlib)
  Downloading python_dateutil-2.9.0.post0-py2.py3-none-any.whl.metadata (8.4 kB)
Requirement already satisfied: six>=1.5 in ./modern/lib/python3.11/site-packages (from python-dateutil>=2.7->matplotlib) (1.17.0)
Downloading cython-3.3.0-cp311-cp311-manylinux2014_x86_64.manylinux_2_17_x86_64.manylinux_2_28_x86_64.whl (3.5 MB)
   ━━━━━━━━━━━━━━━━━━━━━━━━━━━━━━━━━━━━━━━━ 3.5/3.5 MB 277.3 MB/s  0:00:00
Downloading matplotlib-3.11.1-cp311-cp311-manylinux2014_x86_64.manylinux_2_17_x86_64.whl (10.0 MB)
   ━━━━━━━━━━━━━━━━━━━━━━━━━━━━━━━━━━━━━━━━ 10.0/10.0 MB 192.1 MB/s  0:00:00
Downloading contourpy-1.3.3-cp311-cp311-manylinux_2_27_x86_64.manylinux_2_28_x86_64.whl (355 kB)
Downloading cycler-0.12.1-py3-none-any.whl (8.3 kB)
Downloading fonttools-4.64.0-cp311-cp311-manylinux2014_x86_64.manylinux_2_17_x86_64.whl (5.5 MB)
   ━━━━━━━━━━━━━━━━━━━━━━━━━━━━━━━━━━━━━━━━ 5.5/5.5 MB 161.0 MB/s  0:00:00
Downloading kiwisolver-1.5.1-cp311-cp311-manylinux2014_x86_64.manylinux_2_17_x86_64.whl (1.4 MB)
   ━━━━━━━━━━━━━━━━━━━━━━━━━━━━━━━━━━━━━━━━ 1.4/1.4 MB 117.4 MB/s  0:00:00
Downloading pillow-12.3.0-cp311-cp311-manylinux_2_27_x86_64.manylinux_2_28_x86_64.whl (6.9 MB)
   ━━━━━━━━━━━━━━━━━━━━━━━━━━━━━━━━━━━━━━━━ 6.9/6.9 MB 372.8 MB/s  0:00:00
Downloading pyparsing-3.3.2-py3-none-any.whl (122 kB)
Downloading python_dateutil-2.9.0.post0-py2.py3-none-any.whl (229 kB)
Installing collected packages: python-dateutil, pyparsing, pillow, kiwisolver, fonttools, cython, cycler, contourpy, matplotlib

Successfully installed contourpy-1.3.3 cycler-0.12.1 cython-3.3.0 fonttools-4.64.0 kiwisolver-1.5.1 matplotlib-3.11.1 pillow-12.3.0 pyparsing-3.3.2 python-dateutil-2.9.0.post0
Processing ./periodfind-source
  Preparing metadata (pyproject.toml): started
  Preparing metadata (pyproject.toml): finished with status 'done'
Building wheels for collected packages: periodfind
  Building wheel for periodfind (pyproject.toml): started
  Building wheel for periodfind (pyproject.toml): still running...
  Building wheel for periodfind (pyproject.toml): finished with status 'done'
  Created wheel for periodfind: filename=periodfind-0.1.3-cp311-cp311-linux_x86_64.whl size=4437200 sha256=8990dbca65bf296939c05e41a09321001327e5ce4beac9027cf02faaa58ce20a
  Stored in directory: /tmp/pip-ephem-wheel-cache-077mwp9c/wheels/90/fb/30/d653a501e20e3d6cb8fb064ce01a2a52fd72ccf677ab78e2b6
Successfully built periodfind
Installing collected packages: periodfind
  Attempting uninstall: periodfind
    Found existing installation: periodfind 0.1.3
    Uninstalling periodfind-0.1.3:
      Successfully uninstalled periodfind-0.1.3
Successfully installed periodfind-0.1.3
<periodfind.bls.BoxLeastSquares object at 0x74986282b730>
DEPENDENCIES_COMPLETE
