START pilot_tess_200s_v1_bls3 2026-09-08T17:10:40.912788+00:00
END pilot_tess_200s_v1_bls3 0 3.83
START pilot_tess_200s_v1_bls4 2026-09-08T17:10:44.742071+00:00
END pilot_tess_200s_v1_bls4 0 1.32
START pilot_tess_200s_v1_bls_opt4 2026-09-08T17:10:46.064093+00:00
END pilot_tess_200s_v1_bls_opt4 0 2.07
START pilot_tess_200s_pypi_bls3 2026-09-08T17:10:48.138349+00:00
END pilot_tess_200s_pypi_bls3 0 2.72
START pilot_tess_200s_astropy3 2026-09-08T17:10:50.862156+00:00
END pilot_tess_200s_astropy3 0 1.22
START pilot_tess_200s_astropy10 2026-09-08T17:10:52.081772+00:00
END pilot_tess_200s_astropy10 0 1.47
START pilot_tess_200s_pf_gpu1 2026-09-08T17:10:53.551643+00:00
END pilot_tess_200s_pf_gpu1 1 0.17
START pilot_tess_200s_pf_cpu1 2026-09-08T17:10:53.717736+00:00
END pilot_tess_200s_pf_cpu1 0 0.41
START pilot_tess_200s_fbls2 2026-09-08T17:10:54.133795+00:00
END pilot_tess_200s_fbls2 1 0.16
START pilot_tess_200s_v1_tls8 2026-09-08T17:10:54.299562+00:00
END pilot_tess_200s_v1_tls8 1 2.82
START pilot_tess_200s_gtls_density 2026-09-08T17:10:57.123752+00:00
END pilot_tess_200s_gtls_density 0 3.93
START pilot_tess_200s_gtls_default 2026-09-08T17:11:01.052017+00:00
END pilot_tess_200s_gtls_default 0 3.92
START pilot_tess_gap_v1_bls3 2026-09-08T17:11:04.979447+00:00
END pilot_tess_gap_v1_bls3 0 1.42
START pilot_tess_gap_v1_bls4 2026-09-08T17:11:06.400341+00:00
END pilot_tess_gap_v1_bls4 0 1.47
START pilot_tess_gap_v1_bls_opt4 2026-09-08T17:11:07.869895+00:00
END pilot_tess_gap_v1_bls_opt4 0 1.32
START pilot_tess_gap_pypi_bls3 2026-09-08T17:11:09.190340+00:00
END pilot_tess_gap_pypi_bls3 0 1.37
START pilot_tess_gap_astropy3 2026-09-08T17:11:10.562003+00:00
END pilot_tess_gap_astropy3 0 14.42
START pilot_tess_gap_astropy10 2026-09-08T17:11:24.980240+00:00
END pilot_tess_gap_astropy10 0 24.4
START pilot_tess_gap_pf_gpu1 2026-09-08T17:11:49.383145+00:00
END pilot_tess_gap_pf_gpu1 1 0.22
START pilot_tess_gap_pf_cpu1 2026-09-08T17:11:49.603206+00:00
END pilot_tess_gap_pf_cpu1 0 2.62
START pilot_tess_gap_fbls2 2026-09-08T17:11:52.228934+00:00
END pilot_tess_gap_fbls2 1 0.22
START pilot_tess_gap_v1_tls8 2026-09-08T17:11:52.447666+00:00
END pilot_tess_gap_v1_tls8 0 2.07
START pilot_tess_gap_gtls_density 2026-09-08T17:11:54.522818+00:00
END pilot_tess_gap_gtls_density 0 22.76
START pilot_tess_gap_gtls_default 2026-09-08T17:12:17.289996+00:00
END pilot_tess_gap_gtls_default 0 21.12
START pilot_ztf_v1_bls3 2026-09-08T17:12:38.411798+00:00
END pilot_ztf_v1_bls3 0 2.07
START pilot_ztf_v1_bls4 2026-09-08T17:12:40.486126+00:00
END pilot_ztf_v1_bls4 0 1.82
START pilot_ztf_v1_bls_opt4 2026-09-08T17:12:42.309621+00:00
END pilot_ztf_v1_bls_opt4 0 1.87
START pilot_ztf_pypi_bls3 2026-09-08T17:12:44.182864+00:00
END pilot_ztf_pypi_bls3 0 1.77
START pilot_ztf_astropy3 2026-09-08T17:12:45.955946+00:00
END pilot_ztf_astropy3 0 19.81
START pilot_ztf_astropy10 2026-09-08T17:13:05.772829+00:00
END pilot_ztf_astropy10 0 41.17
START pilot_ztf_pf_gpu1 2026-09-08T17:13:46.945072+00:00
END pilot_ztf_pf_gpu1 1 0.27
START pilot_ztf_pf_cpu1 2026-09-08T17:13:47.214245+00:00
END pilot_ztf_pf_cpu1 0 3.17
START pilot_ztf_fbls2 2026-09-08T17:13:50.391595+00:00
END pilot_ztf_fbls2 1 0.27
START pilot_ztf_v1_tls8 2026-09-08T17:13:50.661038+00:00
END pilot_ztf_v1_tls8 0 2.32
START pilot_ztf_gtls_density 2026-09-08T17:13:52.986219+00:00
END pilot_ztf_gtls_density 0 47.83
START pilot_ztf_gtls_default 2026-09-08T17:14:40.814868+00:00
END pilot_ztf_gtls_default 0 46.02
MANIFEST_COMPLETE pilot.json
