/workspace/tls-default/latency/tools/timing/benchmark.py:136: FutureWarning: The pynvml package is deprecated. Please install nvidia-ml-py instead. If you did not install pynvml directly, please report this to the maintainers of the package that installed pynvml for you.
  import pynvml as nvml
/workspace/tls-default/modern/lib/python3.11/site-packages/gputls/core.py:8: FutureWarning: The pynvml package is deprecated. Please install nvidia-ml-py instead. If you did not install pynvml directly, please report this to the maintainers of the package that installed pynvml for you.
  import pynvml
/workspace/tls-default/modern/lib/python3.11/site-packages/gputls/core.py:8: FutureWarning: The pynvml package is deprecated. Please install nvidia-ml-py instead. If you did not install pynvml directly, please report this to the maintainers of the package that installed pynvml for you.
  import pynvml
/workspace/tls-default/modern/lib/python3.11/site-packages/gputls/core.py:8: FutureWarning: The pynvml package is deprecated. Please install nvidia-ml-py instead. If you did not install pynvml directly, please report this to the maintainers of the package that installed pynvml for you.
  import pynvml
/workspace/tls-default/modern/lib/python3.11/site-packages/gputls/core.py:8: FutureWarning: The pynvml package is deprecated. Please install nvidia-ml-py instead. If you did not install pynvml directly, please report this to the maintainers of the package that installed pynvml for you.
  import pynvml
/workspace/tls-default/modern/lib/python3.11/site-packages/gputls/core.py:8: FutureWarning: The pynvml package is deprecated. Please install nvidia-ml-py instead. If you did not install pynvml directly, please report this to the maintainers of the package that installed pynvml for you.
  import pynvml
/workspace/tls-default/modern/lib/python3.11/site-packages/gputls/core.py:8: FutureWarning: The pynvml package is deprecated. Please install nvidia-ml-py instead. If you did not install pynvml directly, please report this to the maintainers of the package that installed pynvml for you.
  import pynvml
/workspace/tls-default/modern/lib/python3.11/site-packages/gputls/core.py:8: FutureWarning: The pynvml package is deprecated. Please install nvidia-ml-py instead. If you did not install pynvml directly, please report this to the maintainers of the package that installed pynvml for you.
  import pynvml
Traceback (most recent call last):
  File "/workspace/tls-default/latency/run_timing.py", line 464, in <module>
    raise SystemExit(main())
                     ^^^^^^
  File "/workspace/tls-default/latency/run_timing.py", line 458, in main
    preflight(args)
  File "/workspace/tls-default/latency/run_timing.py", line 132, in preflight
    raise RuntimeError("Preflight public API or exclusive-process gate failed: " + label)
RuntimeError: Preflight public API or exclusive-process gate failed: gtls_4worker
