/workspace/cuvarbase/cuvarbase/nufft_lrt.py:21: UserWarning: cuvarbase.nufft_lrt is EXPERIMENTAL and not yet validated against a reference transit search; use with care. The NFFT transforms now run on the GPU over the full baseline (the earlier CPU-rfft / median(dt)*nf grid-truncation issues are fixed), but the matched-filter combination is still computed on the host and the method has not had a full injection-recovery validation.
  warnings.warn(
LRT templates per search: 4982
LRT SNR calibration on white noise...
  mean=0.007 std=1.812 (want ~0, ~1)
config white ...
  lrt      null_p95=   8.417  completeness={'0.002': 0.16666666666666666, '0.004': 0.75, '0.008': 1.0, '0.016': 1.0}
  bls      null_p95=   0.035  completeness={'0.002': 0.13333333333333333, '0.004': 0.8333333333333334, '0.008': 1.0, '0.016': 1.0}
  tls      null_p95=   4.104  completeness={'0.002': 0.016666666666666666, '0.004': 0.48333333333333334, '0.008': 0.9333333333333333, '0.016': 0.9833333333333333}
config red_1x ...
  lrt      null_p95=  10.637  completeness={'0.004': 0.05, '0.008': 0.5166666666666667, '0.016': 1.0, '0.032': 1.0}
  bls      null_p95=   0.120  completeness={'0.004': 0.0, '0.008': 0.4666666666666667, '0.016': 1.0, '0.032': 1.0}
  tls      null_p95=   4.217  completeness={'0.004': 0.0, '0.008': 0.2833333333333333, '0.016': 0.95, '0.032': 0.9166666666666666}
config red_3x ...
  lrt      null_p95=  12.403  completeness={'0.008': 0.016666666666666666, '0.016': 0.13333333333333333, '0.032': 0.9333333333333333, '0.064': 1.0}
  bls      null_p95=   0.186  completeness={'0.008': 0.016666666666666666, '0.016': 0.1, '0.032': 0.8833333333333333, '0.064': 1.0}
  tls      null_p95=   4.408  completeness={'0.008': 0.0, '0.016': 0.016666666666666666, '0.032': 0.65, '0.064': 0.9166666666666666}
  lrt_flat null_p95=   4.534  completeness={'0.008': 0.0, '0.016': 0.21666666666666667, '0.032': 0.95, '0.064': 1.0}
config red_sys ...
  lrt      null_p95=  11.937  completeness={'0.004': 0.0, '0.008': 0.0, '0.016': 0.08333333333333333, '0.032': 0.3}
  bls      null_p95=   0.180  completeness={'0.004': 0.0, '0.008': 0.0, '0.016': 0.05, '0.032': 0.15}
  tls      null_p95=   5.278  completeness={'0.004': 0.0, '0.008': 0.0, '0.016': 0.0, '0.032': 0.016666666666666666}
  lrt_marg null_p95=   4.803  completeness={'0.004': 0.016666666666666666, '0.008': 0.2, '0.016': 0.6, '0.032': 1.0}
  lrt_seq  null_p95=  10.997  completeness={'0.004': 0.05, '0.008': 0.5666666666666667, '0.016': 0.95, '0.032': 1.0}
wrote /workspace/lrt/nufft_lrt_validation_sep2026.json
