START tls_27_1_gtls_pypi
END tls_27_1_gtls_pypi exited 0 4.38
START tls_27_16_gtls_pypi
END tls_27_16_gtls_pypi exited 0 32.39
START tls_27_1_cpu_t1
END tls_27_1_cpu_t1 exited 0 23.07
START tls_27_1_cpu_t8
END tls_27_1_cpu_t8 exited 0 12.95
START tls_27_16_cpu_w8
END tls_27_16_cpu_w8 exited 0 48.98
START ls_shared_tess_cuvarbase_double
END ls_shared_tess_cuvarbase_double exited 0 1.52
START ls_shared_tess_pypi_double
END ls_shared_tess_pypi_double exited 0 2.67
START ls_shared_tess_nifty_cpu_t4
END ls_shared_tess_nifty_cpu_t4 exited 0 1.47
START ls_shared_tess_nifty_cpu_t8
END ls_shared_tess_nifty_cpu_t8 exited 0 1.42
START ls_shared_tess_nifty_gpu_float32
END ls_shared_tess_nifty_gpu_float32 exited 0 1.62
{"source_matches": {"cuvarbase_v1": true, "gtls_upstream": false}, "evidence_files": 431}
