[nifty-ls finufft] Warning: nthreads (4) > omp_get_max_threads() (1). Performance may be suboptimal.
FINUFFT_PLAN_T warning: using opts.nthreads=4, more than the 1 physically cores available; note large nthreads can be slower.
FINUFFT_PLAN_T warning: using opts.nthreads=4, more than the 1 physically cores available; note large nthreads can be slower.
first_api_call_s 0.13748148700688034
[nifty-ls finufft] Warning: nthreads (4) > omp_get_max_threads() (1). Performance may be suboptimal.
FINUFFT_PLAN_T warning: using opts.nthreads=4, more than the 1 physically cores available; note large nthreads can be slower.
FINUFFT_PLAN_T warning: using opts.nthreads=4, more than the 1 physically cores available; note large nthreads can be slower.
[nifty-ls finufft] Warning: nthreads (4) > omp_get_max_threads() (1). Performance may be suboptimal.
FINUFFT_PLAN_T warning: using opts.nthreads=4, more than the 1 physically cores available; note large nthreads can be slower.
FINUFFT_PLAN_T warning: using opts.nthreads=4, more than the 1 physically cores available; note large nthreads can be slower.
warm_sample_s 0.10288831201614812
[nifty-ls finufft] Warning: nthreads (4) > omp_get_max_threads() (1). Performance may be suboptimal.
FINUFFT_PLAN_T warning: using opts.nthreads=4, more than the 1 physically cores available; note large nthreads can be slower.
FINUFFT_PLAN_T warning: using opts.nthreads=4, more than the 1 physically cores available; note large nthreads can be slower.
warm_sample_s 0.09905157895991579
[nifty-ls finufft] Warning: nthreads (4) > omp_get_max_threads() (1). Performance may be suboptimal.
FINUFFT_PLAN_T warning: using opts.nthreads=4, more than the 1 physically cores available; note large nthreads can be slower.
FINUFFT_PLAN_T warning: using opts.nthreads=4, more than the 1 physically cores available; note large nthreads can be slower.
warm_sample_s 0.10662291501648724
[nifty-ls finufft] Warning: nthreads (4) > omp_get_max_threads() (1). Performance may be suboptimal.
FINUFFT_PLAN_T warning: using opts.nthreads=4, more than the 1 physically cores available; note large nthreads can be slower.
FINUFFT_PLAN_T warning: using opts.nthreads=4, more than the 1 physically cores available; note large nthreads can be slower.
warm_sample_s 0.10268645198084414
[nifty-ls finufft] Warning: nthreads (4) > omp_get_max_threads() (1). Performance may be suboptimal.
FINUFFT_PLAN_T warning: using opts.nthreads=4, more than the 1 physically cores available; note large nthreads can be slower.
FINUFFT_PLAN_T warning: using opts.nthreads=4, more than the 1 physically cores available; note large nthreads can be slower.
warm_sample_s 0.11691231600707397
{"status": "ok", "seconds_per_lc": 0.10288831201614812}
