[nifty-ls finufft] Warning: nthreads (8) > omp_get_max_threads() (1). Performance may be suboptimal.
FINUFFT_PLAN_T warning: using opts.nthreads=8, more than the 1 physically cores available; note large nthreads can be slower.
FINUFFT_PLAN_T warning: using opts.nthreads=8, more than the 1 physically cores available; note large nthreads can be slower.
first_api_call_s 0.05730266100727022
[nifty-ls finufft] Warning: nthreads (8) > omp_get_max_threads() (1). Performance may be suboptimal.
FINUFFT_PLAN_T warning: using opts.nthreads=8, more than the 1 physically cores available; note large nthreads can be slower.
FINUFFT_PLAN_T warning: using opts.nthreads=8, more than the 1 physically cores available; note large nthreads can be slower.
[nifty-ls finufft] Warning: nthreads (8) > omp_get_max_threads() (1). Performance may be suboptimal.
FINUFFT_PLAN_T warning: using opts.nthreads=8, more than the 1 physically cores available; note large nthreads can be slower.
FINUFFT_PLAN_T warning: using opts.nthreads=8, more than the 1 physically cores available; note large nthreads can be slower.
warm_sample_s 0.04599605000112206
[nifty-ls finufft] Warning: nthreads (8) > omp_get_max_threads() (1). Performance may be suboptimal.
FINUFFT_PLAN_T warning: using opts.nthreads=8, more than the 1 physically cores available; note large nthreads can be slower.
FINUFFT_PLAN_T warning: using opts.nthreads=8, more than the 1 physically cores available; note large nthreads can be slower.
warm_sample_s 0.06365139497211203
[nifty-ls finufft] Warning: nthreads (8) > omp_get_max_threads() (1). Performance may be suboptimal.
FINUFFT_PLAN_T warning: using opts.nthreads=8, more than the 1 physically cores available; note large nthreads can be slower.
FINUFFT_PLAN_T warning: using opts.nthreads=8, more than the 1 physically cores available; note large nthreads can be slower.
warm_sample_s 0.03939925995655358
[nifty-ls finufft] Warning: nthreads (8) > omp_get_max_threads() (1). Performance may be suboptimal.
FINUFFT_PLAN_T warning: using opts.nthreads=8, more than the 1 physically cores available; note large nthreads can be slower.
FINUFFT_PLAN_T warning: using opts.nthreads=8, more than the 1 physically cores available; note large nthreads can be slower.
warm_sample_s 0.0627965500461869
[nifty-ls finufft] Warning: nthreads (8) > omp_get_max_threads() (1). Performance may be suboptimal.
FINUFFT_PLAN_T warning: using opts.nthreads=8, more than the 1 physically cores available; note large nthreads can be slower.
FINUFFT_PLAN_T warning: using opts.nthreads=8, more than the 1 physically cores available; note large nthreads can be slower.
warm_sample_s 0.04099984897766262
{"status": "ok", "seconds_per_lc": 0.0014373765625350643}
