[nifty-ls finufft] Warning: nthreads (4) > omp_get_max_threads() (1). Performance may be suboptimal.
FINUFFT_PLAN_T warning: using opts.nthreads=4, more than the 1 physically cores available; note large nthreads can be slower.
FINUFFT_PLAN_T warning: using opts.nthreads=4, more than the 1 physically cores available; note large nthreads can be slower.
first_api_call_s 0.006366515997797251
[nifty-ls finufft] Warning: nthreads (4) > omp_get_max_threads() (1). Performance may be suboptimal.
FINUFFT_PLAN_T warning: using opts.nthreads=4, more than the 1 physically cores available; note large nthreads can be slower.
FINUFFT_PLAN_T warning: using opts.nthreads=4, more than the 1 physically cores available; note large nthreads can be slower.
[nifty-ls finufft] Warning: nthreads (4) > omp_get_max_threads() (1). Performance may be suboptimal.
FINUFFT_PLAN_T warning: using opts.nthreads=4, more than the 1 physically cores available; note large nthreads can be slower.
FINUFFT_PLAN_T warning: using opts.nthreads=4, more than the 1 physically cores available; note large nthreads can be slower.
warm_sample_s 0.002278558036778122
[nifty-ls finufft] Warning: nthreads (4) > omp_get_max_threads() (1). Performance may be suboptimal.
FINUFFT_PLAN_T warning: using opts.nthreads=4, more than the 1 physically cores available; note large nthreads can be slower.
FINUFFT_PLAN_T warning: using opts.nthreads=4, more than the 1 physically cores available; note large nthreads can be slower.
warm_sample_s 0.0018912290106527507
[nifty-ls finufft] Warning: nthreads (4) > omp_get_max_threads() (1). Performance may be suboptimal.
FINUFFT_PLAN_T warning: using opts.nthreads=4, more than the 1 physically cores available; note large nthreads can be slower.
FINUFFT_PLAN_T warning: using opts.nthreads=4, more than the 1 physically cores available; note large nthreads can be slower.
warm_sample_s 0.001864043006207794
[nifty-ls finufft] Warning: nthreads (4) > omp_get_max_threads() (1). Performance may be suboptimal.
FINUFFT_PLAN_T warning: using opts.nthreads=4, more than the 1 physically cores available; note large nthreads can be slower.
FINUFFT_PLAN_T warning: using opts.nthreads=4, more than the 1 physically cores available; note large nthreads can be slower.
warm_sample_s 0.0024165050126612186
[nifty-ls finufft] Warning: nthreads (4) > omp_get_max_threads() (1). Performance may be suboptimal.
FINUFFT_PLAN_T warning: using opts.nthreads=4, more than the 1 physically cores available; note large nthreads can be slower.
FINUFFT_PLAN_T warning: using opts.nthreads=4, more than the 1 physically cores available; note large nthreads can be slower.
warm_sample_s 0.0019593359902501106
{"status": "ok", "seconds_per_lc": 0.0019593359902501106}
