[nifty-ls finufft] Warning: nthreads (4) > omp_get_max_threads() (1). Performance may be suboptimal.
FINUFFT_PLAN_T warning: using opts.nthreads=4, more than the 1 physically cores available; note large nthreads can be slower.
FINUFFT_PLAN_T warning: using opts.nthreads=4, more than the 1 physically cores available; note large nthreads can be slower.
first_api_call_s 0.07888010004535317
[nifty-ls finufft] Warning: nthreads (4) > omp_get_max_threads() (1). Performance may be suboptimal.
FINUFFT_PLAN_T warning: using opts.nthreads=4, more than the 1 physically cores available; note large nthreads can be slower.
FINUFFT_PLAN_T warning: using opts.nthreads=4, more than the 1 physically cores available; note large nthreads can be slower.
[nifty-ls finufft] Warning: nthreads (4) > omp_get_max_threads() (1). Performance may be suboptimal.
FINUFFT_PLAN_T warning: using opts.nthreads=4, more than the 1 physically cores available; note large nthreads can be slower.
FINUFFT_PLAN_T warning: using opts.nthreads=4, more than the 1 physically cores available; note large nthreads can be slower.
warm_sample_s 0.06397010496584699
[nifty-ls finufft] Warning: nthreads (4) > omp_get_max_threads() (1). Performance may be suboptimal.
FINUFFT_PLAN_T warning: using opts.nthreads=4, more than the 1 physically cores available; note large nthreads can be slower.
FINUFFT_PLAN_T warning: using opts.nthreads=4, more than the 1 physically cores available; note large nthreads can be slower.
warm_sample_s 0.06525622494518757
[nifty-ls finufft] Warning: nthreads (4) > omp_get_max_threads() (1). Performance may be suboptimal.
FINUFFT_PLAN_T warning: using opts.nthreads=4, more than the 1 physically cores available; note large nthreads can be slower.
FINUFFT_PLAN_T warning: using opts.nthreads=4, more than the 1 physically cores available; note large nthreads can be slower.
warm_sample_s 0.06196440098574385
[nifty-ls finufft] Warning: nthreads (4) > omp_get_max_threads() (1). Performance may be suboptimal.
FINUFFT_PLAN_T warning: using opts.nthreads=4, more than the 1 physically cores available; note large nthreads can be slower.
FINUFFT_PLAN_T warning: using opts.nthreads=4, more than the 1 physically cores available; note large nthreads can be slower.
warm_sample_s 0.061497874034103006
[nifty-ls finufft] Warning: nthreads (4) > omp_get_max_threads() (1). Performance may be suboptimal.
FINUFFT_PLAN_T warning: using opts.nthreads=4, more than the 1 physically cores available; note large nthreads can be slower.
FINUFFT_PLAN_T warning: using opts.nthreads=4, more than the 1 physically cores available; note large nthreads can be slower.
warm_sample_s 0.0694694200064987
{"status": "ok", "seconds_per_lc": 0.0019990657801827183}
