[nifty-ls finufft] Warning: nthreads (8) > omp_get_max_threads() (1). Performance may be suboptimal.
FINUFFT_PLAN_T warning: using opts.nthreads=8, more than the 1 physically cores available; note large nthreads can be slower.
FINUFFT_PLAN_T warning: using opts.nthreads=8, more than the 1 physically cores available; note large nthreads can be slower.
first_api_call_s 0.008654083998408169
[nifty-ls finufft] Warning: nthreads (8) > omp_get_max_threads() (1). Performance may be suboptimal.
FINUFFT_PLAN_T warning: using opts.nthreads=8, more than the 1 physically cores available; note large nthreads can be slower.
FINUFFT_PLAN_T warning: using opts.nthreads=8, more than the 1 physically cores available; note large nthreads can be slower.
[nifty-ls finufft] Warning: nthreads (8) > omp_get_max_threads() (1). Performance may be suboptimal.
FINUFFT_PLAN_T warning: using opts.nthreads=8, more than the 1 physically cores available; note large nthreads can be slower.
FINUFFT_PLAN_T warning: using opts.nthreads=8, more than the 1 physically cores available; note large nthreads can be slower.
warm_sample_s 0.002795051026623696
[nifty-ls finufft] Warning: nthreads (8) > omp_get_max_threads() (1). Performance may be suboptimal.
FINUFFT_PLAN_T warning: using opts.nthreads=8, more than the 1 physically cores available; note large nthreads can be slower.
FINUFFT_PLAN_T warning: using opts.nthreads=8, more than the 1 physically cores available; note large nthreads can be slower.
warm_sample_s 0.002771363011561334
[nifty-ls finufft] Warning: nthreads (8) > omp_get_max_threads() (1). Performance may be suboptimal.
FINUFFT_PLAN_T warning: using opts.nthreads=8, more than the 1 physically cores available; note large nthreads can be slower.
FINUFFT_PLAN_T warning: using opts.nthreads=8, more than the 1 physically cores available; note large nthreads can be slower.
warm_sample_s 0.002842155983671546
[nifty-ls finufft] Warning: nthreads (8) > omp_get_max_threads() (1). Performance may be suboptimal.
FINUFFT_PLAN_T warning: using opts.nthreads=8, more than the 1 physically cores available; note large nthreads can be slower.
FINUFFT_PLAN_T warning: using opts.nthreads=8, more than the 1 physically cores available; note large nthreads can be slower.
warm_sample_s 0.0027772419853135943
[nifty-ls finufft] Warning: nthreads (8) > omp_get_max_threads() (1). Performance may be suboptimal.
FINUFFT_PLAN_T warning: using opts.nthreads=8, more than the 1 physically cores available; note large nthreads can be slower.
FINUFFT_PLAN_T warning: using opts.nthreads=8, more than the 1 physically cores available; note large nthreads can be slower.
warm_sample_s 0.0027547189965844154
{"status": "ok", "seconds_per_lc": 0.0027772419853135943}
