[nifty-ls finufft] Warning: nthreads (8) > omp_get_max_threads() (1). Performance may be suboptimal.
FINUFFT_PLAN_T warning: using opts.nthreads=8, more than the 1 physically cores available; note large nthreads can be slower.
FINUFFT_PLAN_T warning: using opts.nthreads=8, more than the 1 physically cores available; note large nthreads can be slower.
first_api_call_s 0.10364033101359382
[nifty-ls finufft] Warning: nthreads (8) > omp_get_max_threads() (1). Performance may be suboptimal.
FINUFFT_PLAN_T warning: using opts.nthreads=8, more than the 1 physically cores available; note large nthreads can be slower.
FINUFFT_PLAN_T warning: using opts.nthreads=8, more than the 1 physically cores available; note large nthreads can be slower.
[nifty-ls finufft] Warning: nthreads (8) > omp_get_max_threads() (1). Performance may be suboptimal.
FINUFFT_PLAN_T warning: using opts.nthreads=8, more than the 1 physically cores available; note large nthreads can be slower.
FINUFFT_PLAN_T warning: using opts.nthreads=8, more than the 1 physically cores available; note large nthreads can be slower.
warm_sample_s 0.03646334505174309
[nifty-ls finufft] Warning: nthreads (8) > omp_get_max_threads() (1). Performance may be suboptimal.
FINUFFT_PLAN_T warning: using opts.nthreads=8, more than the 1 physically cores available; note large nthreads can be slower.
FINUFFT_PLAN_T warning: using opts.nthreads=8, more than the 1 physically cores available; note large nthreads can be slower.
warm_sample_s 0.04022165003698319
[nifty-ls finufft] Warning: nthreads (8) > omp_get_max_threads() (1). Performance may be suboptimal.
FINUFFT_PLAN_T warning: using opts.nthreads=8, more than the 1 physically cores available; note large nthreads can be slower.
FINUFFT_PLAN_T warning: using opts.nthreads=8, more than the 1 physically cores available; note large nthreads can be slower.
warm_sample_s 0.048275317007210106
[nifty-ls finufft] Warning: nthreads (8) > omp_get_max_threads() (1). Performance may be suboptimal.
FINUFFT_PLAN_T warning: using opts.nthreads=8, more than the 1 physically cores available; note large nthreads can be slower.
FINUFFT_PLAN_T warning: using opts.nthreads=8, more than the 1 physically cores available; note large nthreads can be slower.
warm_sample_s 0.041852428985293955
[nifty-ls finufft] Warning: nthreads (8) > omp_get_max_threads() (1). Performance may be suboptimal.
FINUFFT_PLAN_T warning: using opts.nthreads=8, more than the 1 physically cores available; note large nthreads can be slower.
FINUFFT_PLAN_T warning: using opts.nthreads=8, more than the 1 physically cores available; note large nthreads can be slower.
warm_sample_s 0.04474022897193208
{"status": "ok", "seconds_per_lc": 0.041852428985293955}
