Requirement already satisfied: pip in ./modern/lib/python3.11/site-packages (24.0)
Collecting pip
  Downloading pip-26.2.1-py3-none-any.whl.metadata (4.6 kB)
Collecting wheel
  Downloading wheel-0.48.0-py3-none-any.whl.metadata (2.3 kB)
Requirement already satisfied: setuptools in ./modern/lib/python3.11/site-packages (65.5.0)
Collecting setuptools
  Downloading setuptools-84.0.0-py3-none-any.whl.metadata (6.6 kB)
Collecting packaging>=24.0 (from wheel)
  Downloading packaging-26.3-py3-none-any.whl.metadata (3.5 kB)
Downloading pip-26.2.1-py3-none-any.whl (1.8 MB)
   ━━━━━━━━━━━━━━━━━━━━━━━━━━━━━━━━━━━━━━━━ 1.8/1.8 MB 54.6 MB/s eta 0:00:00
Downloading wheel-0.48.0-py3-none-any.whl (33 kB)
Downloading setuptools-84.0.0-py3-none-any.whl (818 kB)
   ━━━━━━━━━━━━━━━━━━━━━━━━━━━━━━━━━━━━━━━ 818.2/818.2 kB 196.7 MB/s eta 0:00:00
Downloading packaging-26.3-py3-none-any.whl (129 kB)
   ━━━━━━━━━━━━━━━━━━━━━━━━━━━━━━━━━━━━━━━━ 130.0/130.0 kB 74.4 MB/s eta 0:00:00
Installing collected packages: setuptools, pip, packaging, wheel
  Attempting uninstall: setuptools
    Found existing installation: setuptools 65.5.0
    Uninstalling setuptools-65.5.0:
      Successfully uninstalled setuptools-65.5.0
  Attempting uninstall: pip
    Found existing installation: pip 24.0
    Uninstalling pip-24.0:
      Successfully uninstalled pip-24.0
Successfully installed packaging-26.3 pip-26.2.1 setuptools-84.0.0 wheel-0.48.0
Collecting numpy==2.2.6
  Downloading numpy-2.2.6-cp311-cp311-manylinux_2_17_x86_64.manylinux2014_x86_64.whl.metadata (62 kB)
Collecting scipy==1.15.3
  Downloading scipy-1.15.3-cp311-cp311-manylinux_2_17_x86_64.manylinux2014_x86_64.whl.metadata (61 kB)
Collecting pycuda==2025.1.2
  Downloading pycuda-2025.1.2.tar.gz (1.7 MB)
     ━━━━━━━━━━━━━━━━━━━━━━━━━━━━━━━━━━━━━━━━ 1.7/1.7 MB 152.7 MB/s  0:00:00
  Installing build dependencies: started
  Installing build dependencies: finished with status 'done'
  Getting requirements to build wheel: started
  Getting requirements to build wheel: finished with status 'done'
  Preparing metadata (pyproject.toml): started
  Preparing metadata (pyproject.toml): finished with status 'done'
Collecting cupy-cuda12x==13.6.0
  Downloading cupy_cuda12x-13.6.0-cp311-cp311-manylinux2014_x86_64.whl.metadata (2.4 kB)
Collecting astropy==8.0.1
  Downloading astropy-8.0.1-cp311-abi3-manylinux2014_x86_64.manylinux_2_17_x86_64.manylinux_2_28_x86_64.whl.metadata (11 kB)
Collecting nifty-ls==1.1.0
  Downloading nifty_ls-1.1.0-cp311-cp311-manylinux_2_24_x86_64.manylinux_2_28_x86_64.whl.metadata (43 kB)
Collecting cufinufft==2.5.1
  Downloading cufinufft-2.5.1-py3-none-manylinux_2_17_x86_64.manylinux2014_x86_64.whl.metadata (2.0 kB)
Collecting gputls==0.4.4
  Downloading gputls-0.4.4-py3-none-any.whl.metadata (3.9 kB)
Collecting transitleastsquares==1.32
  Downloading transitleastsquares-1.32-py3-none-any.whl.metadata (5.3 kB)
Collecting batman-package
  Downloading batman_package-2.5.3-cp311-cp311-manylinux_2_17_x86_64.manylinux2014_x86_64.whl.metadata (728 bytes)
Collecting threadpoolctl
  Downloading threadpoolctl-3.6.0-py3-none-any.whl.metadata (13 kB)
Collecting pytools>=2011.2 (from pycuda==2025.1.2)
  Downloading pytools-2026.1.1-py3-none-any.whl.metadata (2.9 kB)
Collecting platformdirs>=2.2.0 (from pycuda==2025.1.2)
  Downloading platformdirs-4.11.7-py3-none-any.whl.metadata (5.5 kB)
Collecting mako (from pycuda==2025.1.2)
  Downloading mako-1.4.1-py3-none-any.whl.metadata (2.9 kB)
Collecting fastrlock>=0.5 (from cupy-cuda12x==13.6.0)
  Downloading fastrlock-0.8.3-cp311-cp311-manylinux_2_5_x86_64.manylinux1_x86_64.manylinux_2_28_x86_64.whl.metadata (7.7 kB)
Collecting astropy-iers-data>=0.2026.6.22.1.23.34 (from astropy==8.0.1)
  Downloading astropy_iers_data-0.2026.8.31.0.57.9-py3-none-any.whl.metadata (3.4 kB)
Requirement already satisfied: packaging>=25.0 in ./modern/lib/python3.11/site-packages (from astropy==8.0.1) (26.3)
Collecting pyerfa>=2.0.1.3 (from astropy==8.0.1)
  Downloading pyerfa-2.0.1.5-cp39-abi3-manylinux_2_17_x86_64.manylinux2014_x86_64.whl.metadata (5.7 kB)
Collecting PyYAML>=6.0.0 (from astropy==8.0.1)
  Downloading pyyaml-6.0.3-cp311-cp311-manylinux2014_x86_64.manylinux_2_17_x86_64.manylinux_2_28_x86_64.whl.metadata (2.4 kB)
Collecting finufft>=2.3 (from nifty-ls==1.1.0)
  Downloading finufft-2.5.1-py3-none-manylinux_2_28_x86_64.whl.metadata (1.7 kB)
Collecting numba (from gputls==0.4.4)
  Downloading numba-0.67.0-cp311-cp311-manylinux2014_x86_64.manylinux_2_17_x86_64.whl.metadata (2.7 kB)
Collecting tqdm (from gputls==0.4.4)
  Downloading tqdm-4.70.0-py3-none-any.whl.metadata (57 kB)
Collecting pynvml (from gputls==0.4.4)
  Downloading pynvml-13.0.1-py3-none-any.whl.metadata (5.6 kB)
Collecting astroquery>=0.3.9 (from transitleastsquares==1.32)
  Downloading astroquery-0.4.11-py3-none-any.whl.metadata (6.5 kB)
Collecting configparser (from transitleastsquares==1.32)
  Downloading configparser-7.2.0-py3-none-any.whl.metadata (5.5 kB)
Collecting requests>=2.19 (from astroquery>=0.3.9->transitleastsquares==1.32)
  Downloading requests-2.34.2-py3-none-any.whl.metadata (4.8 kB)
Collecting beautifulsoup4>=4.8 (from astroquery>=0.3.9->transitleastsquares==1.32)
  Downloading beautifulsoup4-4.15.0-py3-none-any.whl.metadata (3.8 kB)
Collecting html5lib>=0.999 (from astroquery>=0.3.9->transitleastsquares==1.32)
  Downloading html5lib-1.1-py2.py3-none-any.whl.metadata (16 kB)
Collecting keyring>=15.0 (from astroquery>=0.3.9->transitleastsquares==1.32)
  Downloading keyring-25.7.0-py3-none-any.whl.metadata (21 kB)
Collecting pyvo>=1.5 (from astroquery>=0.3.9->transitleastsquares==1.32)
  Downloading pyvo-1.9.1-py3-none-any.whl.metadata (4.2 kB)
Collecting soupsieve>=1.6.1 (from beautifulsoup4>=4.8->astroquery>=0.3.9->transitleastsquares==1.32)
  Downloading soupsieve-2.9.2-py3-none-any.whl.metadata (4.6 kB)
Collecting typing-extensions>=4.0.0 (from beautifulsoup4>=4.8->astroquery>=0.3.9->transitleastsquares==1.32)
  Downloading typing_extensions-4.16.0-py3-none-any.whl.metadata (3.3 kB)
Collecting six>=1.9 (from html5lib>=0.999->astroquery>=0.3.9->transitleastsquares==1.32)
  Downloading six-1.17.0-py2.py3-none-any.whl.metadata (1.7 kB)
Collecting webencodings (from html5lib>=0.999->astroquery>=0.3.9->transitleastsquares==1.32)
  Downloading webencodings-0.6.1-py3-none-any.whl.metadata (3.4 kB)
Collecting SecretStorage>=3.2 (from keyring>=15.0->astroquery>=0.3.9->transitleastsquares==1.32)
  Downloading secretstorage-3.5.0-py3-none-any.whl.metadata (4.0 kB)
Collecting jeepney>=0.4.2 (from keyring>=15.0->astroquery>=0.3.9->transitleastsquares==1.32)
  Downloading jeepney-0.9.0-py3-none-any.whl.metadata (1.2 kB)
Collecting importlib_metadata>=4.11.4 (from keyring>=15.0->astroquery>=0.3.9->transitleastsquares==1.32)
  Downloading importlib_metadata-9.0.1-py3-none-any.whl.metadata (4.5 kB)
Collecting jaraco.classes (from keyring>=15.0->astroquery>=0.3.9->transitleastsquares==1.32)
  Downloading jaraco.classes-3.4.0-py3-none-any.whl.metadata (2.6 kB)
Collecting jaraco.functools (from keyring>=15.0->astroquery>=0.3.9->transitleastsquares==1.32)
  Downloading jaraco_functools-4.6.0-py3-none-any.whl.metadata (2.9 kB)
Collecting jaraco.context (from keyring>=15.0->astroquery>=0.3.9->transitleastsquares==1.32)
  Downloading jaraco_context-6.1.2-py3-none-any.whl.metadata (4.2 kB)
Collecting zipp>=3.20 (from importlib_metadata>=4.11.4->keyring>=15.0->astroquery>=0.3.9->transitleastsquares==1.32)
  Downloading zipp-4.1.0-py3-none-any.whl.metadata (3.6 kB)
Collecting siphash24>=1.6 (from pytools>=2011.2->pycuda==2025.1.2)
  Downloading siphash24-1.8-cp311-cp311-manylinux2014_x86_64.manylinux_2_17_x86_64.manylinux_2_28_x86_64.whl.metadata (3.2 kB)
Collecting charset_normalizer<4,>=2 (from requests>=2.19->astroquery>=0.3.9->transitleastsquares==1.32)
  Downloading charset_normalizer-3.5.1-cp311-cp311-manylinux2014_x86_64.manylinux_2_17_x86_64.manylinux_2_28_x86_64.whl.metadata (45 kB)
Collecting idna<4,>=2.5 (from requests>=2.19->astroquery>=0.3.9->transitleastsquares==1.32)
  Downloading idna-3.19-py3-none-any.whl.metadata (9.2 kB)
Collecting urllib3<3,>=1.26 (from requests>=2.19->astroquery>=0.3.9->transitleastsquares==1.32)
  Downloading urllib3-2.7.0-py3-none-any.whl.metadata (6.9 kB)
Collecting certifi>=2023.5.7 (from requests>=2.19->astroquery>=0.3.9->transitleastsquares==1.32)
  Downloading certifi-2026.7.22-py3-none-any.whl.metadata (2.5 kB)
Collecting cryptography>=2.0 (from SecretStorage>=3.2->keyring>=15.0->astroquery>=0.3.9->transitleastsquares==1.32)
  Downloading cryptography-50.0.1-cp311-abi3-manylinux_2_34_x86_64.whl.metadata (4.3 kB)
Collecting cffi>=2.0.0 (from cryptography>=2.0->SecretStorage>=3.2->keyring>=15.0->astroquery>=0.3.9->transitleastsquares==1.32)
  Downloading cffi-2.1.1-cp311-cp311-manylinux2014_x86_64.manylinux_2_17_x86_64.whl.metadata (2.5 kB)
Collecting pycparser (from cffi>=2.0.0->cryptography>=2.0->SecretStorage>=3.2->keyring>=15.0->astroquery>=0.3.9->transitleastsquares==1.32)
  Downloading pycparser-3.0-py3-none-any.whl.metadata (8.2 kB)
Collecting more-itertools (from jaraco.classes->keyring>=15.0->astroquery>=0.3.9->transitleastsquares==1.32)
  Downloading more_itertools-11.1.0-py3-none-any.whl.metadata (41 kB)
Collecting backports.tarfile (from jaraco.context->keyring>=15.0->astroquery>=0.3.9->transitleastsquares==1.32)
  Downloading backports.tarfile-1.2.0-py3-none-any.whl.metadata (2.0 kB)
Collecting MarkupSafe>=2.0 (from mako->pycuda==2025.1.2)
  Downloading markupsafe-3.0.3-cp311-cp311-manylinux2014_x86_64.manylinux_2_17_x86_64.manylinux_2_28_x86_64.whl.metadata (2.7 kB)
Collecting llvmlite<0.50,>=0.49.0dev0 (from numba->gputls==0.4.4)
  Downloading llvmlite-0.49.0-cp311-cp311-manylinux2014_x86_64.manylinux_2_17_x86_64.whl.metadata (5.0 kB)
Collecting nvidia-ml-py>=12.0.0 (from pynvml->gputls==0.4.4)
  Downloading nvidia_ml_py-13.610.43-py3-none-any.whl.metadata (9.7 kB)
Downloading numpy-2.2.6-cp311-cp311-manylinux_2_17_x86_64.manylinux2014_x86_64.whl (16.8 MB)
   ━━━━━━━━━━━━━━━━━━━━━━━━━━━━━━━━━━━━━━━━ 16.8/16.8 MB 331.2 MB/s  0:00:00
Downloading scipy-1.15.3-cp311-cp311-manylinux_2_17_x86_64.manylinux2014_x86_64.whl (37.7 MB)
   ━━━━━━━━━━━━━━━━━━━━━━━━━━━━━━━━━━━━━━━━ 37.7/37.7 MB 374.0 MB/s  0:00:00
Downloading cupy_cuda12x-13.6.0-cp311-cp311-manylinux2014_x86_64.whl (113.0 MB)
   ━━━━━━━━━━━━━━━━━━━━━━━━━━━━━━━━━━━━━━━━ 113.0/113.0 MB 54.2 MB/s  0:00:02
Downloading astropy-8.0.1-cp311-abi3-manylinux2014_x86_64.manylinux_2_17_x86_64.manylinux_2_28_x86_64.whl (10.5 MB)
   ━━━━━━━━━━━━━━━━━━━━━━━━━━━━━━━━━━━━━━━━ 10.5/10.5 MB 232.9 MB/s  0:00:00
Downloading nifty_ls-1.1.0-cp311-cp311-manylinux_2_24_x86_64.manylinux_2_28_x86_64.whl (415 kB)
Downloading cufinufft-2.5.1-py3-none-manylinux_2_17_x86_64.manylinux2014_x86_64.whl (114.5 MB)
   ━━━━━━━━━━━━━━━━━━━━━━━━━━━━━━━━━━━━━━━━ 114.5/114.5 MB 199.2 MB/s  0:00:00
Downloading gputls-0.4.4-py3-none-any.whl (55 kB)
Downloading transitleastsquares-1.32-py3-none-any.whl (47 kB)
Downloading batman_package-2.5.3-cp311-cp311-manylinux_2_17_x86_64.manylinux2014_x86_64.whl (240 kB)
Downloading threadpoolctl-3.6.0-py3-none-any.whl (18 kB)
Downloading astropy_iers_data-0.2026.8.31.0.57.9-py3-none-any.whl (2.0 MB)
   ━━━━━━━━━━━━━━━━━━━━━━━━━━━━━━━━━━━━━━━━ 2.0/2.0 MB 194.9 MB/s  0:00:00
Downloading astroquery-0.4.11-py3-none-any.whl (11.1 MB)
   ━━━━━━━━━━━━━━━━━━━━━━━━━━━━━━━━━━━━━━━━ 11.1/11.1 MB 206.8 MB/s  0:00:00
Downloading beautifulsoup4-4.15.0-py3-none-any.whl (109 kB)
Downloading fastrlock-0.8.3-cp311-cp311-manylinux_2_5_x86_64.manylinux1_x86_64.manylinux_2_28_x86_64.whl (54 kB)
Downloading finufft-2.5.1-py3-none-manylinux_2_28_x86_64.whl (7.6 MB)
   ━━━━━━━━━━━━━━━━━━━━━━━━━━━━━━━━━━━━━━━━ 7.6/7.6 MB 14.8 MB/s  0:00:00
Downloading html5lib-1.1-py2.py3-none-any.whl (112 kB)
Downloading keyring-25.7.0-py3-none-any.whl (39 kB)
Downloading importlib_metadata-9.0.1-py3-none-any.whl (27 kB)
Downloading jeepney-0.9.0-py3-none-any.whl (49 kB)
Downloading platformdirs-4.11.7-py3-none-any.whl (23 kB)
Downloading pyerfa-2.0.1.5-cp39-abi3-manylinux_2_17_x86_64.manylinux2014_x86_64.whl (738 kB)
   ━━━━━━━━━━━━━━━━━━━━━━━━━━━━━━━━━━━━━━━━ 738.7/738.7 kB 89.0 MB/s  0:00:00
Downloading pytools-2026.1.1-py3-none-any.whl (99 kB)
Downloading pyvo-1.9.1-py3-none-any.whl (1.2 MB)
   ━━━━━━━━━━━━━━━━━━━━━━━━━━━━━━━━━━━━━━━━ 1.2/1.2 MB 143.9 MB/s  0:00:00
Downloading pyyaml-6.0.3-cp311-cp311-manylinux2014_x86_64.manylinux_2_17_x86_64.manylinux_2_28_x86_64.whl (806 kB)
   ━━━━━━━━━━━━━━━━━━━━━━━━━━━━━━━━━━━━━━━━ 806.6/806.6 kB 100.5 MB/s  0:00:00
Downloading requests-2.34.2-py3-none-any.whl (73 kB)
Downloading charset_normalizer-3.5.1-cp311-cp311-manylinux2014_x86_64.manylinux_2_17_x86_64.manylinux_2_28_x86_64.whl (262 kB)
Downloading idna-3.19-py3-none-any.whl (68 kB)
Downloading urllib3-2.7.0-py3-none-any.whl (131 kB)
Downloading certifi-2026.7.22-py3-none-any.whl (136 kB)
Downloading secretstorage-3.5.0-py3-none-any.whl (15 kB)
Downloading cryptography-50.0.1-cp311-abi3-manylinux_2_34_x86_64.whl (4.7 MB)
   ━━━━━━━━━━━━━━━━━━━━━━━━━━━━━━━━━━━━━━━━ 4.7/4.7 MB 309.2 MB/s  0:00:00
Downloading cffi-2.1.1-cp311-cp311-manylinux2014_x86_64.manylinux_2_17_x86_64.whl (217 kB)
Downloading siphash24-1.8-cp311-cp311-manylinux2014_x86_64.manylinux_2_17_x86_64.manylinux_2_28_x86_64.whl (104 kB)
Downloading six-1.17.0-py2.py3-none-any.whl (11 kB)
Downloading soupsieve-2.9.2-py3-none-any.whl (37 kB)
Downloading typing_extensions-4.16.0-py3-none-any.whl (45 kB)
Downloading zipp-4.1.0-py3-none-any.whl (10 kB)
Downloading configparser-7.2.0-py3-none-any.whl (17 kB)
Downloading jaraco.classes-3.4.0-py3-none-any.whl (6.8 kB)
Downloading jaraco_context-6.1.2-py3-none-any.whl (7.9 kB)
Downloading backports.tarfile-1.2.0-py3-none-any.whl (30 kB)
Downloading jaraco_functools-4.6.0-py3-none-any.whl (11 kB)
Downloading mako-1.4.1-py3-none-any.whl (80 kB)
Downloading markupsafe-3.0.3-cp311-cp311-manylinux2014_x86_64.manylinux_2_17_x86_64.manylinux_2_28_x86_64.whl (22 kB)
Downloading more_itertools-11.1.0-py3-none-any.whl (72 kB)
Downloading numba-0.67.0-cp311-cp311-manylinux2014_x86_64.manylinux_2_17_x86_64.whl (3.8 MB)
   ━━━━━━━━━━━━━━━━━━━━━━━━━━━━━━━━━━━━━━━━ 3.8/3.8 MB 358.3 MB/s  0:00:00
Downloading llvmlite-0.49.0-cp311-cp311-manylinux2014_x86_64.manylinux_2_17_x86_64.whl (59.9 MB)
   ━━━━━━━━━━━━━━━━━━━━━━━━━━━━━━━━━━━━━━━━ 59.9/59.9 MB 382.0 MB/s  0:00:00
Downloading pycparser-3.0-py3-none-any.whl (48 kB)
Downloading pynvml-13.0.1-py3-none-any.whl (28 kB)
Downloading nvidia_ml_py-13.610.43-py3-none-any.whl (53 kB)
Downloading tqdm-4.70.0-py3-none-any.whl (80 kB)
Downloading webencodings-0.6.1-py3-none-any.whl (8.7 kB)
Building wheels for collected packages: pycuda
  Building wheel for pycuda (pyproject.toml): started
  Building wheel for pycuda (pyproject.toml): still running...
  Building wheel for pycuda (pyproject.toml): finished with status 'done'
  Created wheel for pycuda: filename=pycuda-2025.1.2-cp311-cp311-linux_x86_64.whl size=5231695 sha256=f70a414095961bf9929cae04552e20ad4eaeb48d063eba0b393c218c45861aee
  Stored in directory: /root/.cache/pip/wheels/8e/71/6f/ff622e90e75734c4f4d6b9065d903475c5ae294a9ed3723f22
Successfully built pycuda
Installing collected packages: nvidia-ml-py, fastrlock, zipp, webencodings, urllib3, typing-extensions, tqdm, threadpoolctl, soupsieve, six, siphash24, PyYAML, pynvml, pycparser, platformdirs, numpy, more-itertools, MarkupSafe, llvmlite, jeepney, idna, configparser, charset_normalizer, certifi, backports.tarfile, astropy-iers-data, scipy, requests, pytools, pyerfa, numba, mako, jaraco.functools, jaraco.context, jaraco.classes, importlib_metadata, html5lib, finufft, cupy-cuda12x, cufinufft, cffi, beautifulsoup4, batman-package, pycuda, nifty-ls, gputls, cryptography, astropy, SecretStorage, pyvo, keyring, astroquery, transitleastsquares

Successfully installed MarkupSafe-3.0.3 PyYAML-6.0.3 SecretStorage-3.5.0 astropy-8.0.1 astropy-iers-data-0.2026.8.31.0.57.9 astroquery-0.4.11 backports.tarfile-1.2.0 batman-package-2.5.3 beautifulsoup4-4.15.0 certifi-2026.7.22 cffi-2.1.1 charset_normalizer-3.5.1 configparser-7.2.0 cryptography-50.0.1 cufinufft-2.5.1 cupy-cuda12x-13.6.0 fastrlock-0.8.3 finufft-2.5.1 gputls-0.4.4 html5lib-1.1 idna-3.19 importlib_metadata-9.0.1 jaraco.classes-3.4.0 jaraco.context-6.1.2 jaraco.functools-4.6.0 jeepney-0.9.0 keyring-25.7.0 llvmlite-0.49.0 mako-1.4.1 more-itertools-11.1.0 nifty-ls-1.1.0 numba-0.67.0 numpy-2.2.6 nvidia-ml-py-13.610.43 platformdirs-4.11.7 pycparser-3.0 pycuda-2025.1.2 pyerfa-2.0.1.5 pynvml-13.0.1 pytools-2026.1.1 pyvo-1.9.1 requests-2.34.2 scipy-1.15.3 siphash24-1.8 six-1.17.0 soupsieve-2.9.2 threadpoolctl-3.6.0 tqdm-4.70.0 transitleastsquares-1.32 typing-extensions-4.16.0 urllib3-2.7.0 webencodings-0.6.1 zipp-4.1.0
Processing ./source-v1
  Installing build dependencies: started
  Installing build dependencies: finished with status 'done'
  Getting requirements to build wheel: started
  Getting requirements to build wheel: finished with status 'done'
  Preparing metadata (pyproject.toml): started
  Preparing metadata (pyproject.toml): finished with status 'done'
Building wheels for collected packages: cuvarbase
  Building wheel for cuvarbase (pyproject.toml): started
  Building wheel for cuvarbase (pyproject.toml): finished with status 'done'
  Created wheel for cuvarbase: filename=cuvarbase-1.0.0-py3-none-any.whl size=454670 sha256=2e2232cea1ae4615338391ebaa7646aefe1a64bb9f3a144fe5c8cf0be6c7dc0e
  Stored in directory: /tmp/pip-ephem-wheel-cache-brek6vfg/wheels/a6/14/df/4987dd748ce9f4adaa49f2503de3756d3c82a064dfd8a29b0c
Successfully built cuvarbase
Installing collected packages: cuvarbase
Successfully installed cuvarbase-1.0.0
Requirement already satisfied: pip in ./legacy/lib/python3.11/site-packages (24.0)
Collecting pip
  Using cached pip-26.2.1-py3-none-any.whl.metadata (4.6 kB)
Collecting wheel
  Using cached wheel-0.48.0-py3-none-any.whl.metadata (2.3 kB)
Requirement already satisfied: setuptools<81 in ./legacy/lib/python3.11/site-packages (65.5.0)
Collecting setuptools<81
  Downloading setuptools-80.10.2-py3-none-any.whl.metadata (6.6 kB)
Collecting packaging>=24.0 (from wheel)
  Using cached packaging-26.3-py3-none-any.whl.metadata (3.5 kB)
Using cached pip-26.2.1-py3-none-any.whl (1.8 MB)
Using cached wheel-0.48.0-py3-none-any.whl (33 kB)
Downloading setuptools-80.10.2-py3-none-any.whl (1.1 MB)
   ━━━━━━━━━━━━━━━━━━━━━━━━━━━━━━━━━━━━━━━━ 1.1/1.1 MB 28.3 MB/s eta 0:00:00
Using cached packaging-26.3-py3-none-any.whl (129 kB)
Installing collected packages: setuptools, pip, packaging, wheel
  Attempting uninstall: setuptools
    Found existing installation: setuptools 65.5.0
    Uninstalling setuptools-65.5.0:
      Successfully uninstalled setuptools-65.5.0
  Attempting uninstall: pip
    Found existing installation: pip 24.0
    Uninstalling pip-24.0:
      Successfully uninstalled pip-24.0
Successfully installed packaging-26.3 pip-26.2.1 setuptools-80.10.2 wheel-0.48.0
Collecting numpy==1.23.5
  Downloading numpy-1.23.5-cp311-cp311-manylinux_2_17_x86_64.manylinux2014_x86_64.whl.metadata (2.3 kB)
Collecting scipy==1.10.1
  Downloading scipy-1.10.1-cp311-cp311-manylinux_2_17_x86_64.manylinux2014_x86_64.whl.metadata (58 kB)
Collecting pycuda==2022.2.2
  Downloading pycuda-2022.2.2.tar.gz (1.7 MB)
     ━━━━━━━━━━━━━━━━━━━━━━━━━━━━━━━━━━━━━━━━ 1.7/1.7 MB 10.6 MB/s  0:00:00
  Installing build dependencies: started
  Installing build dependencies: finished with status 'done'
  Getting requirements to build wheel: started
  Getting requirements to build wheel: finished with status 'done'
  Preparing metadata (pyproject.toml): started
  Preparing metadata (pyproject.toml): finished with status 'done'
Collecting scikit-cuda
  Downloading scikit_cuda-0.5.3-py2.py3-none-any.whl.metadata (5.9 kB)
Collecting future
  Downloading future-1.0.0-py3-none-any.whl.metadata (4.0 kB)
Collecting threadpoolctl
  Using cached threadpoolctl-3.6.0-py3-none-any.whl.metadata (13 kB)
Collecting pytools>=2011.2 (from pycuda==2022.2.2)
  Using cached pytools-2026.1.1-py3-none-any.whl.metadata (2.9 kB)
Collecting appdirs>=1.4.0 (from pycuda==2022.2.2)
  Downloading appdirs-1.4.4-py2.py3-none-any.whl.metadata (9.0 kB)
Collecting mako (from pycuda==2022.2.2)
  Using cached mako-1.4.1-py3-none-any.whl.metadata (2.9 kB)
Collecting MarkupSafe>=2.0 (from mako->pycuda==2022.2.2)
  Using cached markupsafe-3.0.3-cp311-cp311-manylinux2014_x86_64.manylinux_2_17_x86_64.manylinux_2_28_x86_64.whl.metadata (2.7 kB)
Collecting platformdirs>=2.2 (from pytools>=2011.2->pycuda==2022.2.2)
  Using cached platformdirs-4.11.7-py3-none-any.whl.metadata (5.5 kB)
Collecting siphash24>=1.6 (from pytools>=2011.2->pycuda==2022.2.2)
  Using cached siphash24-1.8-cp311-cp311-manylinux2014_x86_64.manylinux_2_17_x86_64.manylinux_2_28_x86_64.whl.metadata (3.2 kB)
Collecting typing-extensions>=4.5 (from pytools>=2011.2->pycuda==2022.2.2)
  Using cached typing_extensions-4.16.0-py3-none-any.whl.metadata (3.3 kB)
Downloading numpy-1.23.5-cp311-cp311-manylinux_2_17_x86_64.manylinux2014_x86_64.whl (17.1 MB)
   ━━━━━━━━━━━━━━━━━━━━━━━━━━━━━━━━━━━━━━━━ 17.1/17.1 MB 198.4 MB/s  0:00:00
Downloading scipy-1.10.1-cp311-cp311-manylinux_2_17_x86_64.manylinux2014_x86_64.whl (34.1 MB)
   ━━━━━━━━━━━━━━━━━━━━━━━━━━━━━━━━━━━━━━━━ 34.1/34.1 MB 213.6 MB/s  0:00:00
Downloading scikit_cuda-0.5.3-py2.py3-none-any.whl (114 kB)
Downloading future-1.0.0-py3-none-any.whl (491 kB)
Using cached threadpoolctl-3.6.0-py3-none-any.whl (18 kB)
Downloading appdirs-1.4.4-py2.py3-none-any.whl (9.6 kB)
Using cached mako-1.4.1-py3-none-any.whl (80 kB)
Using cached markupsafe-3.0.3-cp311-cp311-manylinux2014_x86_64.manylinux_2_17_x86_64.manylinux_2_28_x86_64.whl (22 kB)
Using cached pytools-2026.1.1-py3-none-any.whl (99 kB)
Using cached platformdirs-4.11.7-py3-none-any.whl (23 kB)
Using cached siphash24-1.8-cp311-cp311-manylinux2014_x86_64.manylinux_2_17_x86_64.manylinux_2_28_x86_64.whl (104 kB)
Using cached typing_extensions-4.16.0-py3-none-any.whl (45 kB)
Building wheels for collected packages: pycuda
  Building wheel for pycuda (pyproject.toml): started
  Building wheel for pycuda (pyproject.toml): still running...
  Building wheel for pycuda (pyproject.toml): finished with status 'done'
  Created wheel for pycuda: filename=pycuda-2022.2.2-cp311-cp311-linux_x86_64.whl size=5226733 sha256=8bc9c8f879eb16d6dbb3d76dc98890150ece6f98a2a0f6058d2f853165cb67f3
  Stored in directory: /root/.cache/pip/wheels/0f/56/ed/3d098f4793af7de129ede986b621e661edbe940910b8208cd9
Successfully built pycuda
Installing collected packages: appdirs, typing-extensions, threadpoolctl, siphash24, platformdirs, numpy, MarkupSafe, future, scipy, pytools, mako, pycuda, scikit-cuda

Successfully installed MarkupSafe-3.0.3 appdirs-1.4.4 future-1.0.0 mako-1.4.1 numpy-1.23.5 platformdirs-4.11.7 pycuda-2022.2.2 pytools-2026.1.1 scikit-cuda-0.5.3 scipy-1.10.1 siphash24-1.8 threadpoolctl-3.6.0 typing-extensions-4.16.0
Collecting cuvarbase==0.2.5
  Downloading cuvarbase-0.2.5-py2.py3-none-any.whl.metadata (910 bytes)
Downloading cuvarbase-0.2.5-py2.py3-none-any.whl (72 kB)
Installing collected packages: cuvarbase
Successfully installed cuvarbase-0.2.5
SETUP_COMPLETE
